<html>
<body>
<pre>
<h1>µVision Build Log</h1>
<h2>Tool Versions:</h2>
IDE-Version: ¦ÌVision V5.14.0.0
Copyright (C) 2015 ARM Ltd and ARM Germany GmbH. All rights reserved.
License Information: 1 ThinkPad, 1, LIC=BL2VE-5DIL0-D1XPR-KNUQH-ENB09-R7AGL
 
Tool Versions:
Toolchain:       MDK-ARM Professional  Version: 5.14.0.0
Toolchain Path:  D:\Keil_v5\ARM\ARMCC\Bin
C Compiler:      Armcc.exe V5.05 update 1 (build 106)
Assembler:       Armasm.exe V5.05 update 1 (build 106)
Linker/Locator:  ArmLink.exe V5.05 update 1 (build 106)
Library Manager: ArmAr.exe V5.05 update 1 (build 106)
Hex Converter:   FromElf.exe V5.05 update 1 (build 106)
CPU DLL:         SARMCM3.DLL V5.14.0.0
Dialog DLL:      DCM.DLL V1.13.1.0
Target DLL:      STLink\ST-LINKIII-KEIL_SWO.dll V2.0.14.0_KEIL
Dialog DLL:      TCM.DLL V1.14.4.0
 
<h2>Project:</h2>
C:\Users\ThinkPad\Desktop\µç´ÅËø\µç´ÅËø2.0\ELEC\MDK-ARM\ELEC.uvprojx
Project File Date:  09/29/2020

<h2>Output:</h2>
Build target 'ELEC'
compiling main.c...
../Src/main.c(210): warning:  #167-D: argument of type "uint8_t *" is incompatible with parameter of type "const char *"
                        if(strstr(tempBuff,"openRelayOnly"))
../Src/main.c(214): warning:  #167-D: argument of type "uint8_t *" is incompatible with parameter of type "const char *"
                        if(strstr(tempBuff,"openDisplay"))
../Src/main.c(218): warning:  #167-D: argument of type "uint8_t *" is incompatible with parameter of type "const char *"
                        if(strstr(tempBuff,"openOneToSix"))
../Src/main.c(222): warning:  #167-D: argument of type "uint8_t *" is incompatible with parameter of type "const char *"
                        if(strstr(tempBuff,"openOneToSixForce"))
../Src/main.c(226): warning:  #167-D: argument of type "uint8_t *" is incompatible with parameter of type "const char *"
                        if(strstr(tempBuff,"closeRelayOnly"))
../Src/main.c(230): warning:  #167-D: argument of type "uint8_t *" is incompatible with parameter of type "const char *"
                        if(strstr(tempBuff,"closeDisplay"))
../Src/main.c(234): warning:  #167-D: argument of type "uint8_t *" is incompatible with parameter of type "const char *"
                        if(strstr(tempBuff,"allOpen"))
../Src/main.c(239): warning:  #167-D: argument of type "uint8_t *" is incompatible with parameter of type "const char *"
                        if(strstr(tempBuff,"display"))
../Src/main.c(307): warning:  #177-D: function "MX_IWDG_Init" was declared but never referenced
  static void MX_IWDG_Init(void)
../Src/main.c: 9 warnings, 0 errors
linking...
Program Size: Code=17152 RO-data=1420 RW-data=688 ZI-data=35200  
FromELF: creating hex file...
"ELEC\ELEC.axf" - 0 Error(s), 9 Warning(s).

<h2>Collection of Component include folders:</h2>
  C:\Users\ThinkPad\Desktop\µç´ÅËø\µç´ÅËø2.0\ELEC\MDK-ARM\RTE
  D:\Keil_v5\ARM\PACK\Keil\STM32F1xx_DFP\1.0.5\Device\Include

<h2>Collection of Component Files used:</h2>
</pre>
</body>
</html>
