Component: ARM Compiler 5.05 update 1 (build 106) Tool: armlink [4d0efa]

==============================================================================

Section Cross References

    bsp_gpio.o(i.allCheck) refers to memseta.o(.text) for __aeabi_memclr
    bsp_gpio.o(i.allCheck) refers to stm32f1xx_hal_gpio.o(i.HAL_GPIO_WritePin) for HAL_GPIO_WritePin
    bsp_gpio.o(i.allCheck) refers to stm32f1xx_hal.o(i.HAL_Delay) for HAL_Delay
    bsp_gpio.o(i.allCheck) refers to stm32f1xx_hal_gpio.o(i.HAL_GPIO_ReadPin) for HAL_GPIO_ReadPin
    bsp_gpio.o(i.allCheck) refers to myjson.o(.data) for errPlaceSlot
    bsp_gpio.o(i.allCheck) refers to bsp_gpio.o(.bss) for .bss
    bsp_gpio.o(i.allCheck) refers to bsp_gpio.o(.data) for .data
    bsp_gpio.o(i.allCheck) refers to myjson.o(.bss) for PlaceSlot
    bsp_gpio.o(i.allLine_Up) refers to stm32f1xx_hal_gpio.o(i.HAL_GPIO_WritePin) for HAL_GPIO_WritePin
    bsp_gpio.o(i.allLine_Up) refers to bsp_gpio.o(.data) for .data
    bsp_gpio.o(i.allOpen) refers to printf3.o(i.__0printf$3) for __2printf
    bsp_gpio.o(i.allOpen) refers to stm32f1xx_hal_uart.o(i.HAL_UART_Transmit) for HAL_UART_Transmit
    bsp_gpio.o(i.allOpen) refers to stm32f1xx_hal.o(i.HAL_Delay) for HAL_Delay
    bsp_gpio.o(i.allOpen) refers to strstr.o(.text) for strstr
    bsp_gpio.o(i.allOpen) refers to bsp_gpio.o(i.unLock) for unLock
    bsp_gpio.o(i.allOpen) refers to bsp_gpio.o(.data) for .data
    bsp_gpio.o(i.allOpen) refers to main.o(.bss) for huart1
    bsp_gpio.o(i.delock) refers to stm32f1xx_hal_gpio.o(i.HAL_GPIO_WritePin) for HAL_GPIO_WritePin
    bsp_gpio.o(i.delock) refers to stm32f1xx_hal_gpio.o(i.HAL_GPIO_ReadPin) for HAL_GPIO_ReadPin
    bsp_gpio.o(i.delock) refers to bsp_gpio.o(.data) for .data
    bsp_gpio.o(i.test1fun) refers to stm32f1xx_hal_uart.o(i.HAL_UART_Transmit) for HAL_UART_Transmit
    bsp_gpio.o(i.test1fun) refers to stm32f1xx_hal.o(i.HAL_Delay) for HAL_Delay
    bsp_gpio.o(i.test1fun) refers to main.o(.bss) for huart1
    bsp_gpio.o(i.test2fun) refers to bsp_gpio.o(.data) for .data
    bsp_gpio.o(i.test3fun) refers to stm32f1xx_hal_uart.o(i.HAL_UART_Transmit) for HAL_UART_Transmit
    bsp_gpio.o(i.test3fun) refers to stm32f1xx_hal.o(i.HAL_Delay) for HAL_Delay
    bsp_gpio.o(i.test3fun) refers to stm32f1xx_hal_gpio.o(i.HAL_GPIO_WritePin) for HAL_GPIO_WritePin
    bsp_gpio.o(i.test3fun) refers to main.o(.bss) for huart1
    bsp_gpio.o(i.test3fun) refers to bsp_gpio.o(.data) for .data
    bsp_gpio.o(i.test4fun) refers to stm32f1xx_hal_uart.o(i.HAL_UART_Transmit) for HAL_UART_Transmit
    bsp_gpio.o(i.test4fun) refers to stm32f1xx_hal.o(i.HAL_Delay) for HAL_Delay
    bsp_gpio.o(i.test4fun) refers to stm32f1xx_hal_gpio.o(i.HAL_GPIO_WritePin) for HAL_GPIO_WritePin
    bsp_gpio.o(i.test4fun) refers to main.o(.bss) for huart1
    bsp_gpio.o(i.test4fun) refers to bsp_gpio.o(.data) for .data
    bsp_gpio.o(i.test5fun) refers to stm32f1xx_hal_uart.o(i.HAL_UART_Transmit) for HAL_UART_Transmit
    bsp_gpio.o(i.test5fun) refers to stm32f1xx_hal.o(i.HAL_Delay) for HAL_Delay
    bsp_gpio.o(i.test5fun) refers to main.o(.bss) for huart1
    bsp_gpio.o(i.test6fun) refers to bsp_gpio.o(.data) for .data
    bsp_gpio.o(i.testfun) refers to stm32f1xx_hal_uart.o(i.HAL_UART_Transmit) for HAL_UART_Transmit
    bsp_gpio.o(i.testfun) refers to stm32f1xx_hal.o(i.HAL_Delay) for HAL_Delay
    bsp_gpio.o(i.testfun) refers to main.o(.bss) for huart1
    bsp_gpio.o(i.unLock) refers to stm32f1xx_hal_gpio.o(i.HAL_GPIO_WritePin) for HAL_GPIO_WritePin
    bsp_gpio.o(i.unLock) refers to bsp_display.o(i.BSP_Display) for BSP_Display
    bsp_gpio.o(i.unLock) refers to bsp_gpio.o(i.delock) for delock
    bsp_gpio.o(i.unLock) refers to main.o(.data) for displaylock
    bsp_gpio.o(i.unLock) refers to bsp_gpio.o(.data) for .data
    myjson.o(i.JSON_Handle) refers to memseta.o(.text) for __aeabi_memclr
    myjson.o(i.JSON_Handle) refers to myjson.o(i.JSON_decode) for JSON_decode
    myjson.o(i.JSON_Handle) refers to myjson.o(i.toHEX) for toHEX
    myjson.o(i.JSON_Handle) refers to strcpy.o(.text) for strcpy
    myjson.o(i.JSON_Handle) refers to strstr.o(.text) for strstr
    myjson.o(i.JSON_Handle) refers to bsp_gpio.o(i.allCheck) for allCheck
    myjson.o(i.JSON_Handle) refers to printf3.o(i.__0sprintf$3) for __2sprintf
    myjson.o(i.JSON_Handle) refers to memcpya.o(.text) for __aeabi_memcpy
    myjson.o(i.JSON_Handle) refers to stm32f1xx_hal_uart.o(i.HAL_UART_Transmit) for HAL_UART_Transmit
    myjson.o(i.JSON_Handle) refers to bsp_gpio.o(i.unLock) for unLock
    myjson.o(i.JSON_Handle) refers to strlen.o(.text) for strlen
    myjson.o(i.JSON_Handle) refers to crc16.o(i.CalCrc16) for CalCrc16
    myjson.o(i.JSON_Handle) refers to printf3.o(i.__0printf$3) for __2printf
    myjson.o(i.JSON_Handle) refers to myjson.o(.data) for .data
    myjson.o(i.JSON_Handle) refers to myjson.o(.bss) for .bss
    myjson.o(i.JSON_Handle) refers to myjson.o(.conststring) for .conststring
[...]
    ../Drivers/STM32F1xx_HAL_Driver/Src/stm32f1xx_hal_cortex.c 0x00000000   Number         0  stm32f1xx_hal_cortex.o ABSOLUTE
    ../Drivers/STM32F1xx_HAL_Driver/Src/stm32f1xx_hal_dma.c 0x00000000   Number         0  stm32f1xx_hal_dma.o ABSOLUTE
    ../Drivers/STM32F1xx_HAL_Driver/Src/stm32f1xx_hal_exti.c 0x00000000   Number         0  stm32f1xx_hal_exti.o ABSOLUTE
    ../Drivers/STM32F1xx_HAL_Driver/Src/stm32f1xx_hal_flash.c 0x00000000   Number         0  stm32f1xx_hal_flash.o ABSOLUTE
    ../Drivers/STM32F1xx_HAL_Driver/Src/stm32f1xx_hal_flash_ex.c 0x00000000   Number         0  stm32f1xx_hal_flash_ex.o ABSOLUTE
    ../Drivers/STM32F1xx_HAL_Driver/Src/stm32f1xx_hal_gpio.c 0x00000000   Number         0  stm32f1xx_hal_gpio.o ABSOLUTE
    ../Drivers/STM32F1xx_HAL_Driver/Src/stm32f1xx_hal_gpio_ex.c 0x00000000   Number         0  stm32f1xx_hal_gpio_ex.o ABSOLUTE
    ../Drivers/STM32F1xx_HAL_Driver/Src/stm32f1xx_hal_pwr.c 0x00000000   Number         0  stm32f1xx_hal_pwr.o ABSOLUTE
    ../Drivers/STM32F1xx_HAL_Driver/Src/stm32f1xx_hal_rcc.c 0x00000000   Number         0  stm32f1xx_hal_rcc.o ABSOLUTE
    ../Drivers/STM32F1xx_HAL_Driver/Src/stm32f1xx_hal_rcc_ex.c 0x00000000   Number         0  stm32f1xx_hal_rcc_ex.o ABSOLUTE
    ../Drivers/STM32F1xx_HAL_Driver/Src/stm32f1xx_hal_tim.c 0x00000000   Number         0  stm32f1xx_hal_tim.o ABSOLUTE
    ../Drivers/STM32F1xx_HAL_Driver/Src/stm32f1xx_hal_tim_ex.c 0x00000000   Number         0  stm32f1xx_hal_tim_ex.o ABSOLUTE
    ../Drivers/STM32F1xx_HAL_Driver/Src/stm32f1xx_hal_uart.c 0x00000000   Number         0  stm32f1xx_hal_uart.o ABSOLUTE
    ../Src/main.c                            0x00000000   Number         0  main.o ABSOLUTE
    ../Src/stm32f1xx_hal_msp.c               0x00000000   Number         0  stm32f1xx_hal_msp.o ABSOLUTE
    ../Src/stm32f1xx_it.c                    0x00000000   Number         0  stm32f1xx_it.o ABSOLUTE
    ../Src/system_stm32f1xx.c                0x00000000   Number         0  system_stm32f1xx.o ABSOLUTE
    ../clib/../cmprslib/zerorunl2.c          0x00000000   Number         0  __dczerorl2.o ABSOLUTE
    ../clib/microlib/division.c              0x00000000   Number         0  uidiv.o ABSOLUTE
    ../clib/microlib/division.c              0x00000000   Number         0  uldiv.o ABSOLUTE
    ../clib/microlib/errno.c                 0x00000000   Number         0  errno.o ABSOLUTE
    ../clib/microlib/init/entry.s            0x00000000   Number         0  entry9a.o ABSOLUTE
    ../clib/microlib/init/entry.s            0x00000000   Number         0  entry7b.o ABSOLUTE
    ../clib/microlib/init/entry.s            0x00000000   Number         0  entry9b.o ABSOLUTE
    ../clib/microlib/init/entry.s            0x00000000   Number         0  entry10a.o ABSOLUTE
    ../clib/microlib/init/entry.s            0x00000000   Number         0  entry10b.o ABSOLUTE
    ../clib/microlib/init/entry.s            0x00000000   Number         0  entry11a.o ABSOLUTE
    ../clib/microlib/init/entry.s            0x00000000   Number         0  entry11b.o ABSOLUTE
    ../clib/microlib/init/entry.s            0x00000000   Number         0  entry2.o ABSOLUTE
    ../clib/microlib/init/entry.s            0x00000000   Number         0  entry5.o ABSOLUTE
    ../clib/microlib/init/entry.s            0x00000000   Number         0  entry7a.o ABSOLUTE
    ../clib/microlib/init/entry.s            0x00000000   Number         0  entry8a.o ABSOLUTE
    ../clib/microlib/init/entry.s            0x00000000   Number         0  entry.o ABSOLUTE
    ../clib/microlib/init/entry.s            0x00000000   Number         0  entry8b.o ABSOLUTE
    ../clib/microlib/longlong.c              0x00000000   Number         0  llushr.o ABSOLUTE
    ../clib/microlib/longlong.c              0x00000000   Number         0  llsshr.o ABSOLUTE
    ../clib/microlib/longlong.c              0x00000000   Number         0  llshl.o ABSOLUTE
    ../clib/microlib/printf/printf.c         0x00000000   Number         0  printf3.o ABSOLUTE
    ../clib/microlib/printf/printf.c         0x00000000   Number         0  printf2.o ABSOLUTE
    ../clib/microlib/printf/printf.c         0x00000000   Number         0  printf1.o ABSOLUTE
    ../clib/microlib/printf/printf.c         0x00000000   Number         0  printf0.o ABSOLUTE
    ../clib/microlib/printf/printf.c         0x00000000   Number         0  printfb.o ABSOLUTE
    ../clib/microlib/printf/printf.c         0x00000000   Number         0  printf7.o ABSOLUTE
    ../clib/microlib/printf/printf.c         0x00000000   Number         0  printf8.o ABSOLUTE
    ../clib/microlib/printf/printf.c         0x00000000   Number         0  printfa.o ABSOLUTE
    ../clib/microlib/printf/printf.c         0x00000000   Number         0  printf6.o ABSOLUTE
    ../clib/microlib/printf/printf.c         0x00000000   Number         0  printf5.o ABSOLUTE
    ../clib/microlib/printf/printf.c         0x00000000   Number         0  printf4.o ABSOLUTE
    ../clib/microlib/printf/stubs.s          0x00000000   Number         0  stubs.o ABSOLUTE
    ../clib/microlib/stdio/streams.c         0x00000000   Number         0  stdout.o ABSOLUTE
    ../clib/microlib/string/memcpy.c         0x00000000   Number         0  memcpyb.o ABSOLUTE
    ../clib/microlib/string/memcpy.c         0x00000000   Number         0  memcpya.o ABSOLUTE
    ../clib/microlib/string/memset.c         0x00000000   Number         0  memseta.o ABSOLUTE
    ../clib/microlib/string/strcpy.c         0x00000000   Number         0  strcpy.o ABSOLUTE
    ../clib/microlib/string/strlen.c         0x00000000   Number         0  strlen.o ABSOLUTE
    ../clib/microlib/string/strstr.c         0x00000000   Number         0  strstr.o ABSOLUTE
    ../clib/microlib/stubs.s                 0x00000000   Number         0  iusefp.o ABSOLUTE
    ../fplib/microlib/fpadd.c                0x00000000   Number         0  dadd.o ABSOLUTE
    ../fplib/microlib/fpdiv.c                0x00000000   Number         0  ddiv.o ABSOLUTE
    ../fplib/microlib/fpepilogue.c           0x00000000   Number         0  depilogue.o ABSOLUTE
    ../fplib/microlib/fpfix.c                0x00000000   Number         0  dfixui.o ABSOLUTE
    ../fplib/microlib/fpfix.c                0x00000000   Number         0  dfixul.o ABSOLUTE
    ../fplib/microlib/fpflt.c                0x00000000   Number         0  dfltui.o ABSOLUTE
    ../fplib/microlib/fpflt.c                0x00000000   Number         0  dflti.o ABSOLUTE
    ../fplib/microlib/fpmul.c                0x00000000   Number         0  dmul.o ABSOLUTE
    ../fplib/microlib/fpscalb.c              0x00000000   Number         0  dscalb.o ABSOLUTE
    ../fplib/microlib/fpsqrt.c               0x00000000   Number         0  dsqrt.o ABSOLUTE
    ../mathlib/dunder.c                      0x00000000   Number         0  dunder.o ABSOLUTE
    ../mathlib/fpclassify.c                  0x00000000   Number         0  fpclassify.o ABSOLUTE
    ../mathlib/poly.c                        0x00000000   Number         0  poly.o ABSOLUTE
    ../mathlib/pow.c                         0x00000000   Number         0  pow_x.o ABSOLUTE
    ../mathlib/pow.c                         0x00000000   Number         0  pow.o ABSOLUTE
    ../mathlib/qnan.c                        0x00000000   Number         0  qnan.o ABSOLUTE
    ../mathlib/sqrt.c                        0x00000000   Number         0  sqrt.o ABSOLUTE
    ../mathlib/sqrt.c                        0x00000000   Number         0  sqrt_x.o ABSOLUTE
    ..\Drivers\STM32F1xx_HAL_Driver\Src\stm32f1xx_hal.c 0x00000000   Number         0  stm32f1xx_hal.o ABSOLUTE
    ..\Drivers\STM32F1xx_HAL_Driver\Src\stm32f1xx_hal_can.c 0x00000000   Number         0  stm32f1xx_hal_can.o ABSOLUTE
    ..\Drivers\STM32F1xx_HAL_Driver\Src\stm32f1xx_hal_cortex.c 0x00000000   Number         0  stm32f1xx_hal_cortex.o ABSOLUTE
    ..\Drivers\STM32F1xx_HAL_Driver\Src\stm32f1xx_hal_dma.c 0x00000000   Number         0  stm32f1xx_hal_dma.o ABSOLUTE
    ..\Drivers\STM32F1xx_HAL_Driver\Src\stm32f1xx_hal_exti.c 0x00000000   Number         0  stm32f1xx_hal_exti.o ABSOLUTE
    ..\Drivers\STM32F1xx_HAL_Driver\Src\stm32f1xx_hal_flash.c 0x00000000   Number         0  stm32f1xx_hal_flash.o ABSOLUTE
    ..\Drivers\STM32F1xx_HAL_Driver\Src\stm32f1xx_hal_flash_ex.c 0x00000000   Number         0  stm32f1xx_hal_flash_ex.o ABSOLUTE
    ..\Drivers\STM32F1xx_HAL_Driver\Src\stm32f1xx_hal_gpio.c 0x00000000   Number         0  stm32f1xx_hal_gpio.o ABSOLUTE
    ..\Drivers\STM32F1xx_HAL_Driver\Src\stm32f1xx_hal_gpio_ex.c 0x00000000   Number         0  stm32f1xx_hal_gpio_ex.o ABSOLUTE
    ..\Drivers\STM32F1xx_HAL_Driver\Src\stm32f1xx_hal_iwdg.c 0x00000000   Number         0  stm32f1xx_hal_iwdg.o ABSOLUTE
    ..\Drivers\STM32F1xx_HAL_Driver\Src\stm32f1xx_hal_pwr.c 0x00000000   Number         0  stm32f1xx_hal_pwr.o ABSOLUTE
    ..\Drivers\STM32F1xx_HAL_Driver\Src\stm32f1xx_hal_rcc.c 0x00000000   Number         0  stm32f1xx_hal_rcc.o ABSOLUTE
    ..\Drivers\STM32F1xx_HAL_Driver\Src\stm32f1xx_hal_rcc_ex.c 0x00000000   Number         0  stm32f1xx_hal_rcc_ex.o ABSOLUTE
    ..\Drivers\STM32F1xx_HAL_Driver\Src\stm32f1xx_hal_tim.c 0x00000000   Number         0  stm32f1xx_hal_tim.o ABSOLUTE
    ..\Drivers\STM32F1xx_HAL_Driver\Src\stm32f1xx_hal_tim_ex.c 0x00000000   Number         0  stm32f1xx_hal_tim_ex.o ABSOLUTE
    ..\Drivers\STM32F1xx_HAL_Driver\Src\stm32f1xx_hal_uart.c 0x00000000   Number         0  stm32f1xx_hal_uart.o ABSOLUTE
    ..\Src\CRC16.c                           0x00000000   Number         0  crc16.o ABSOLUTE
    ..\Src\bsp_display.c                     0x00000000   Number         0  bsp_display.o ABSOLUTE
    ..\Src\bsp_gpio.c                        0x00000000   Number         0  bsp_gpio.o ABSOLUTE
    ..\Src\main.c                            0x00000000   Number         0  main.o ABSOLUTE
    ..\Src\myjson.c                          0x00000000   Number         0  myjson.o ABSOLUTE
    ..\Src\stm32f1xx_hal_msp.c               0x00000000   Number         0  stm32f1xx_hal_msp.o ABSOLUTE
    ..\Src\stm32f1xx_it.c                    0x00000000   Number         0  stm32f1xx_it.o ABSOLUTE
    ..\Src\system_stm32f1xx.c                0x00000000   Number         0  system_stm32f1xx.o ABSOLUTE
    ..\\Drivers\\STM32F1xx_HAL_Driver\\Src\\stm32f1xx_hal_iwdg.c 0x00000000   Number         0  stm32f1xx_hal_iwdg.o ABSOLUTE
    ..\\Src\\CRC16.c                         0x00000000   Number         0  crc16.o ABSOLUTE
    ..\\Src\\bsp_display.c                   0x00000000   Number         0  bsp_display.o ABSOLUTE
    ..\\Src\\bsp_gpio.c                      0x00000000   Number         0  bsp_gpio.o ABSOLUTE
    ..\\Src\\myjson.c                        0x00000000   Number         0  myjson.o ABSOLUTE
    ..\startup_stm32f10x_hd.s                0x00000000   Number         0  startup_stm32f10x_hd.o ABSOLUTE
    cdcmple.s                                0x00000000   Number         0  cdcmple.o ABSOLUTE
    cdrcmple.s                               0x00000000   Number         0  cdrcmple.o ABSOLUTE
    dc.s                                     0x00000000   Number         0  dc.o ABSOLUTE
    handlers.s                               0x00000000   Number         0  handlers.o ABSOLUTE
    init.s                                   0x00000000   Number         0  init.o ABSOLUTE
    RESET                                    0x08000000   Section      304  startup_stm32f10x_hd.o(RESET)
    .ARM.Collect$$$$00000000                 0x08000130   Section        0  entry.o(.ARM.Collect$$$$00000000)
    .ARM.Collect$$$$00000001                 0x08000130   Section        4  entry2.o(.ARM.Collect$$$$00000001)
    .ARM.Collect$$$$00000004                 0x08000134   Section        4  entry5.o(.ARM.Collect$$$$00000004)
    .ARM.Collect$$$$00000008                 0x08000138   Section        0  entry7b.o(.ARM.Collect$$$$00000008)
    .ARM.Collect$$$$0000000A                 0x08000138   Section        0  entry8b.o(.ARM.Collect$$$$0000000A)
    .ARM.Collect$$$$0000000B                 0x08000138   Section        8  entry9a.o(.ARM.Collect$$$$0000000B)
    .ARM.Collect$$$$0000000D                 0x08000140   Section        0  entry10a.o(.ARM.Collect$$$$0000000D)
    .ARM.Collect$$$$0000000F                 0x08000140   Section        0  entry11a.o(.ARM.Collect$$$$0000000F)
    .ARM.Collect$$$$00002712                 0x08000140   Section        4  entry2.o(.ARM.Collect$$$$00002712)
    __lit__00000000                          0x08000140   Data           4  entry2.o(.ARM.Collect$$$$00002712)
    .text                                    0x08000144   Section       36  startup_stm32f10x_hd.o(.text)
    .text                                    0x08000168   Section        0  llushr.o(.text)
    .text                                    0x08000188   Section        0  memcpya.o(.text)
    .text                                    0x080001ac   Section        0  memseta.o(.text)
    .text                                    0x080001d0   Section        0  strstr.o(.text)
    .text                                    0x080001f4   Section        0  strlen.o(.text)
    .text                                    0x08000202   Section        0  strcpy.o(.text)
    .text                                    0x08000214   Section        0  dadd.o(.text)
    .text                                    0x08000362   Section        0  dmul.o(.text)
    .text                                    0x08000446   Section        0  dflti.o(.text)
    .text                                    0x08000468   Section        0  dfltui.o(.text)
    .text                                    0x08000482   Section        0  dfixui.o(.text)
    .text                                    0x080004b4   Section        0  uidiv.o(.text)
    .text                                    0x080004e0   Section        0  llshl.o(.text)
    .text                                    0x080004fe   Section        0  llsshr.o(.text)
    .text                                    0x08000522   Section        0  iusefp.o(.text)
    .text                                    0x08000522   Section        0  depilogue.o(.text)
    .text                                    0x080005dc   Section        0  ddiv.o(.text)
    .text                                    0x080006ba   Section        0  dscalb.o(.text)
    .text                                    0x080006e8   Section       48  cdrcmple.o(.text)
    .text                                    0x08000718   Section       36  init.o(.text)
    .text                                    0x0800073c   Section        0  dsqrt.o(.text)
    .text                                    0x080007de   Section        0  __dczerorl2.o(.text)
    i.BSP_Display                            0x08000834   Section        0  bsp_display.o(i.BSP_Display)
    i.BusFault_Handler                       0x080008ec   Section        0  stm32f1xx_it.o(i.BusFault_Handler)
    i.CAN1_RX1_IRQHandler                    0x080008f0   Section        0  stm32f1xx_it.o(i.CAN1_RX1_IRQHandler)
    i.CRC16InRam                             0x080008fc   Section        0  crc16.o(i.CRC16InRam)
    i.CalCrc16                               0x08000928   Section        0  crc16.o(i.CalCrc16)
    i.Clear_Display                          0x0800096c   Section        0  bsp_display.o(i.Clear_Display)
    i.DebugMon_Handler                       0x0800099c   Section        0  stm32f1xx_it.o(i.DebugMon_Handler)
    i.EXTI15_10_IRQHandler                   0x0800099e   Section        0  stm32f1xx_it.o(i.EXTI15_10_IRQHandler)
    i.EXTI9_5_IRQHandler                     0x080009a6   Section        0  stm32f1xx_it.o(i.EXTI9_5_IRQHandler)
    i.HAL_CAN_ErrorCallback                  0x080009ae   Section        0  stm32f1xx_hal_can.o(i.HAL_CAN_ErrorCallback)
    i.HAL_CAN_IRQHandler                     0x080009b0   Section        0  stm32f1xx_hal_can.o(i.HAL_CAN_IRQHandler)
    i.HAL_CAN_Init                           0x08000bac   Section        0  stm32f1xx_hal_can.o(i.HAL_CAN_Init)
    i.HAL_CAN_MspInit                        0x08000cc8   Section        0  stm32f1xx_hal_msp.o(i.HAL_CAN_MspInit)
    i.HAL_CAN_RxFifo0FullCallback            0x08000d44   Section        0  stm32f1xx_hal_can.o(i.HAL_CAN_RxFifo0FullCallback)
    i.HAL_CAN_RxFifo0MsgPendingCallback      0x08000d46   Section        0  stm32f1xx_hal_can.o(i.HAL_CAN_RxFifo0MsgPendingCallback)
    i.HAL_CAN_RxFifo1FullCallback            0x08000d48   Section        0  stm32f1xx_hal_can.o(i.HAL_CAN_RxFifo1FullCallback)
    i.HAL_CAN_RxFifo1MsgPendingCallback      0x08000d4a   Section        0  stm32f1xx_hal_can.o(i.HAL_CAN_RxFifo1MsgPendingCallback)
    i.HAL_CAN_SleepCallback                  0x08000d4c   Section        0  stm32f1xx_hal_can.o(i.HAL_CAN_SleepCallback)
    i.HAL_CAN_TxMailbox0AbortCallback        0x08000d4e   Section        0  stm32f1xx_hal_can.o(i.HAL_CAN_TxMailbox0AbortCallback)
    i.HAL_CAN_TxMailbox0CompleteCallback     0x08000d50   Section        0  stm32f1xx_hal_can.o(i.HAL_CAN_TxMailbox0CompleteCallback)
    i.HAL_CAN_TxMailbox1AbortCallback        0x08000d52   Section        0  stm32f1xx_hal_can.o(i.HAL_CAN_TxMailbox1AbortCallback)
    i.HAL_CAN_TxMailbox1CompleteCallback     0x08000d54   Section        0  stm32f1xx_hal_can.o(i.HAL_CAN_TxMailbox1CompleteCallback)
    i.HAL_CAN_TxMailbox2AbortCallback        0x08000d56   Section        0  stm32f1xx_hal_can.o(i.HAL_CAN_TxMailbox2AbortCallback)
    i.HAL_CAN_TxMailbox2CompleteCallback     0x08000d58   Section        0  stm32f1xx_hal_can.o(i.HAL_CAN_TxMailbox2CompleteCallback)
    i.HAL_CAN_WakeUpFromRxMsgCallback        0x08000d5a   Section        0  stm32f1xx_hal_can.o(i.HAL_CAN_WakeUpFromRxMsgCallback)
    i.HAL_DMA_Abort_IT                       0x08000d5c   Section        0  stm32f1xx_hal_dma.o(i.HAL_DMA_Abort_IT)
    i.HAL_Delay                              0x08000e8c   Section        0  stm32f1xx_hal.o(i.HAL_Delay)
    i.HAL_GPIO_EXTI_Callback                 0x08000eb0   Section        0  main.o(i.HAL_GPIO_EXTI_Callback)
    i.HAL_GPIO_EXTI_IRQHandler               0x08000f54   Section        0  stm32f1xx_hal_gpio.o(i.HAL_GPIO_EXTI_IRQHandler)
    i.HAL_GPIO_Init                          0x08000f6c   Section        0  stm32f1xx_hal_gpio.o(i.HAL_GPIO_Init)
    i.HAL_GPIO_ReadPin                       0x08001164   Section        0  stm32f1xx_hal_gpio.o(i.HAL_GPIO_ReadPin)
    i.HAL_GPIO_WritePin                      0x0800116e   Section        0  stm32f1xx_hal_gpio.o(i.HAL_GPIO_WritePin)
    i.HAL_GetTick                            0x08001178   Section        0  stm32f1xx_hal.o(i.HAL_GetTick)
    i.HAL_IncTick                            0x08001184   Section        0  stm32f1xx_hal.o(i.HAL_IncTick)
    i.HAL_Init                               0x08001194   Section        0  stm32f1xx_hal.o(i.HAL_Init)
    i.HAL_InitTick                           0x080011b8   Section        0  stm32f1xx_hal.o(i.HAL_InitTick)
    i.HAL_MspInit                            0x080011f8   Section        0  stm32f1xx_hal_msp.o(i.HAL_MspInit)
    i.HAL_NVIC_EnableIRQ                     0x08001234   Section        0  stm32f1xx_hal_cortex.o(i.HAL_NVIC_EnableIRQ)
    i.HAL_NVIC_SetPriority                   0x08001250   Section        0  stm32f1xx_hal_cortex.o(i.HAL_NVIC_SetPriority)
    i.HAL_NVIC_SetPriorityGrouping           0x08001290   Section        0  stm32f1xx_hal_cortex.o(i.HAL_NVIC_SetPriorityGrouping)
    i.HAL_RCC_ClockConfig                    0x080012b4   Section        0  stm32f1xx_hal_rcc.o(i.HAL_RCC_ClockConfig)
    i.HAL_RCC_GetPCLK1Freq                   0x080013e0   Section        0  stm32f1xx_hal_rcc.o(i.HAL_RCC_GetPCLK1Freq)
    i.HAL_RCC_GetPCLK2Freq                   0x08001400   Section        0  stm32f1xx_hal_rcc.o(i.HAL_RCC_GetPCLK2Freq)
    i.HAL_RCC_GetSysClockFreq                0x08001420   Section        0  stm32f1xx_hal_rcc.o(i.HAL_RCC_GetSysClockFreq)
    i.HAL_RCC_OscConfig                      0x0800148c   Section        0  stm32f1xx_hal_rcc.o(i.HAL_RCC_OscConfig)
    i.HAL_SYSTICK_Config                     0x080017ac   Section        0  stm32f1xx_hal_cortex.o(i.HAL_SYSTICK_Config)
    i.HAL_TIMEx_BreakCallback                0x080017d4   Section        0  stm32f1xx_hal_tim_ex.o(i.HAL_TIMEx_BreakCallback)
    i.HAL_TIMEx_CommutCallback               0x080017d6   Section        0  stm32f1xx_hal_tim_ex.o(i.HAL_TIMEx_CommutCallback)
    i.HAL_TIMEx_MasterConfigSynchronization  0x080017d8   Section        0  stm32f1xx_hal_tim_ex.o(i.HAL_TIMEx_MasterConfigSynchronization)
    i.HAL_TIM_Base_Init                      0x0800181a   Section        0  stm32f1xx_hal_tim.o(i.HAL_TIM_Base_Init)
    i.HAL_TIM_Base_MspInit                   0x08001850   Section        0  stm32f1xx_hal_msp.o(i.HAL_TIM_Base_MspInit)
    i.HAL_TIM_Base_Start_IT                  0x0800188c   Section        0  stm32f1xx_hal_tim.o(i.HAL_TIM_Base_Start_IT)
    i.HAL_TIM_ConfigClockSource              0x080018ae   Section        0  stm32f1xx_hal_tim.o(i.HAL_TIM_ConfigClockSource)
    i.HAL_TIM_IC_CaptureCallback             0x08001984   Section        0  stm32f1xx_hal_tim.o(i.HAL_TIM_IC_CaptureCallback)
    i.HAL_TIM_IRQHandler                     0x08001986   Section        0  stm32f1xx_hal_tim.o(i.HAL_TIM_IRQHandler)
    i.HAL_TIM_OC_DelayElapsedCallback        0x08001aec   Section        0  stm32f1xx_hal_tim.o(i.HAL_TIM_OC_DelayElapsedCallback)
    i.HAL_TIM_PWM_PulseFinishedCallback      0x08001aee   Section        0  stm32f1xx_hal_tim.o(i.HAL_TIM_PWM_PulseFinishedCallback)
    i.HAL_TIM_PeriodElapsedCallback          0x08001af0   Section        0  main.o(i.HAL_TIM_PeriodElapsedCallback)
    i.HAL_TIM_TriggerCallback                0x08001c44   Section        0  stm32f1xx_hal_tim.o(i.HAL_TIM_TriggerCallback)
    i.HAL_UART_ErrorCallback                 0x08001c46   Section        0  stm32f1xx_hal_uart.o(i.HAL_UART_ErrorCallback)
    i.HAL_UART_IRQHandler                    0x08001c48   Section        0  stm32f1xx_hal_uart.o(i.HAL_UART_IRQHandler)
    i.HAL_UART_Init                          0x08001d58   Section        0  stm32f1xx_hal_uart.o(i.HAL_UART_Init)
    i.HAL_UART_MspInit                       0x08001dbc   Section        0  stm32f1xx_hal_msp.o(i.HAL_UART_MspInit)
    i.HAL_UART_Receive_IT                    0x08001e94   Section        0  stm32f1xx_hal_uart.o(i.HAL_UART_Receive_IT)
    i.HAL_UART_RxCpltCallback                0x08001ee8   Section        0  main.o(i.HAL_UART_RxCpltCallback)
    i.HAL_UART_Transmit                      0x08001f78   Section        0  stm32f1xx_hal_uart.o(i.HAL_UART_Transmit)
    i.HAL_UART_TxCpltCallback                0x08002032   Section        0  stm32f1xx_hal_uart.o(i.HAL_UART_TxCpltCallback)
    i.HC595_SendData                         0x08002034   Section        0  bsp_display.o(i.HC595_SendData)
    i.HardFault_Handler                      0x08002080   Section        0  stm32f1xx_it.o(i.HardFault_Handler)
    i.JSON_Handle                            0x08002084   Section        0  myjson.o(i.JSON_Handle)
    i.JSON_decode                            0x08002634   Section        0  myjson.o(i.JSON_decode)
    i.MX_CAN_Init                            0x08002838   Section        0  main.o(i.MX_CAN_Init)
    MX_CAN_Init                              0x08002839   Thumb Code    44  main.o(i.MX_CAN_Init)
    i.MX_GPIO_Init                           0x0800286c   Section        0  main.o(i.MX_GPIO_Init)
    MX_GPIO_Init                             0x0800286d   Thumb Code   486  main.o(i.MX_GPIO_Init)
    i.MX_TIM3_Init                           0x08002a78   Section        0  main.o(i.MX_TIM3_Init)
    MX_TIM3_Init                             0x08002a79   Thumb Code    80  main.o(i.MX_TIM3_Init)
    i.MemManage_Handler                      0x08002ad0   Section        0  stm32f1xx_it.o(i.MemManage_Handler)
    i.NMI_Handler                            0x08002ad2   Section        0  stm32f1xx_it.o(i.NMI_Handler)
    i.PendSV_Handler                         0x08002ad4   Section        0  stm32f1xx_it.o(i.PendSV_Handler)
    i.SVC_Handler                            0x08002ad6   Section        0  stm32f1xx_it.o(i.SVC_Handler)
    i.SysTick_Handler                        0x08002ad8   Section        0  stm32f1xx_it.o(i.SysTick_Handler)
    i.SystemClock_Config                     0x08002adc   Section        0  main.o(i.SystemClock_Config)
    i.SystemInit                             0x08002b2c   Section        0  system_stm32f1xx.o(i.SystemInit)
    i.TIM3_IRQHandler                        0x08002b74   Section        0  stm32f1xx_it.o(i.TIM3_IRQHandler)
    i.TIM_Base_SetConfig                     0x08002b80   Section        0  stm32f1xx_hal_tim.o(i.TIM_Base_SetConfig)
    i.TIM_ETR_SetConfig                      0x08002c0c   Section        0  stm32f1xx_hal_tim.o(i.TIM_ETR_SetConfig)
    i.TIM_ITRx_SetConfig                     0x08002c20   Section        0  stm32f1xx_hal_tim.o(i.TIM_ITRx_SetConfig)
    TIM_ITRx_SetConfig                       0x08002c21   Thumb Code    16  stm32f1xx_hal_tim.o(i.TIM_ITRx_SetConfig)
    i.TIM_TI1_ConfigInputStage               0x08002c30   Section        0  stm32f1xx_hal_tim.o(i.TIM_TI1_ConfigInputStage)
    TIM_TI1_ConfigInputStage                 0x08002c31   Thumb Code    34  stm32f1xx_hal_tim.o(i.TIM_TI1_ConfigInputStage)
    i.TIM_TI2_ConfigInputStage               0x08002c52   Section        0  stm32f1xx_hal_tim.o(i.TIM_TI2_ConfigInputStage)
    TIM_TI2_ConfigInputStage                 0x08002c53   Thumb Code    36  stm32f1xx_hal_tim.o(i.TIM_TI2_ConfigInputStage)
    i.UART_DMAAbortOnError                   0x08002c76   Section        0  stm32f1xx_hal_uart.o(i.UART_DMAAbortOnError)
    UART_DMAAbortOnError                     0x08002c77   Thumb Code    16  stm32f1xx_hal_uart.o(i.UART_DMAAbortOnError)
    i.UART_EndRxTransfer                     0x08002c86   Section        0  stm32f1xx_hal_uart.o(i.UART_EndRxTransfer)
    UART_EndRxTransfer                       0x08002c87   Thumb Code    28  stm32f1xx_hal_uart.o(i.UART_EndRxTransfer)
    i.UART_Receive_IT                        0x08002ca2   Section        0  stm32f1xx_hal_uart.o(i.UART_Receive_IT)
    UART_Receive_IT                          0x08002ca3   Thumb Code   150  stm32f1xx_hal_uart.o(i.UART_Receive_IT)
    i.UART_SetConfig                         0x08002d38   Section        0  stm32f1xx_hal_uart.o(i.UART_SetConfig)
    UART_SetConfig                           0x08002d39   Thumb Code   178  stm32f1xx_hal_uart.o(i.UART_SetConfig)
    i.UART_Transmit_IT                       0x08002df0   Section        0  stm32f1xx_hal_uart.o(i.UART_Transmit_IT)
    UART_Transmit_IT                         0x08002df1   Thumb Code    98  stm32f1xx_hal_uart.o(i.UART_Transmit_IT)
    i.UART_WaitOnFlagUntilTimeout            0x08002e52   Section        0  stm32f1xx_hal_uart.o(i.UART_WaitOnFlagUntilTimeout)
    UART_WaitOnFlagUntilTimeout              0x08002e53   Thumb Code   100  stm32f1xx_hal_uart.o(i.UART_WaitOnFlagUntilTimeout)
    i.USART1_IRQHandler                      0x08002eb8   Section        0  stm32f1xx_it.o(i.USART1_IRQHandler)
    i.USART2_IRQHandler                      0x08002ec4   Section        0  stm32f1xx_it.o(i.USART2_IRQHandler)
    i.UsageFault_Handler                     0x08002ed0   Section        0  stm32f1xx_it.o(i.UsageFault_Handler)
    i.__0printf$3                            0x08002ed4   Section        0  printf3.o(i.__0printf$3)
    i.__0sprintf$3                           0x08002ef4   Section        0  printf3.o(i.__0sprintf$3)
    i.__ARM_fpclassify                       0x08002f1c   Section        0  fpclassify.o(i.__ARM_fpclassify)
    i.__NVIC_SetPriority                     0x08002f44   Section        0  stm32f1xx_hal_cortex.o(i.__NVIC_SetPriority)
    __NVIC_SetPriority                       0x08002f45   Thumb Code    32  stm32f1xx_hal_cortex.o(i.__NVIC_SetPriority)
    i.__kernel_poly                          0x08002f64   Section        0  poly.o(i.__kernel_poly)
    i.__mathlib_dbl_divzero                  0x08003010   Section        0  dunder.o(i.__mathlib_dbl_divzero)
    i.__mathlib_dbl_infnan2                  0x08003020   Section        0  dunder.o(i.__mathlib_dbl_infnan2)
    i.__mathlib_dbl_invalid                  0x08003024   Section        0  dunder.o(i.__mathlib_dbl_invalid)
    i.__mathlib_dbl_overflow                 0x08003030   Section        0  dunder.o(i.__mathlib_dbl_overflow)
    i.__mathlib_dbl_underflow                0x08003040   Section        0  dunder.o(i.__mathlib_dbl_underflow)
    i.__scatterload_copy                     0x08003050   Section       14  handlers.o(i.__scatterload_copy)
    i.__scatterload_null                     0x0800305e   Section        2  handlers.o(i.__scatterload_null)
    i.__scatterload_zeroinit                 0x08003060   Section       14  handlers.o(i.__scatterload_zeroinit)
    i.__set_errno                            0x08003070   Section        0  errno.o(i.__set_errno)
    i._printf_core                           0x0800307c   Section        0  printf3.o(i._printf_core)
    _printf_core                             0x0800307d   Thumb Code   436  printf3.o(i._printf_core)
    i._sputc                                 0x08003234   Section        0  printf3.o(i._sputc)
    _sputc                                   0x08003235   Thumb Code    10  printf3.o(i._sputc)
    i.allCheck                               0x08003240   Section        0  bsp_gpio.o(i.allCheck)
    i.allLine_Up                             0x080032e4   Section        0  bsp_gpio.o(i.allLine_Up)
    i.allOpen                                0x0800330c   Section        0  bsp_gpio.o(i.allOpen)
    i.delock                                 0x080033c8   Section        0  bsp_gpio.o(i.delock)
    i.fputc                                  0x08003428   Section        0  main.o(i.fputc)
    i.main                                   0x08003440   Section        0  main.o(i.main)
    i.pow                                    0x0800374c   Section        0  pow.o(i.pow)
    i.sqrt                                   0x08004104   Section        0  sqrt.o(i.sqrt)
    i.test1fun                               0x08004150   Section        0  bsp_gpio.o(i.test1fun)
    i.test2fun                               0x0800417c   Section        0  bsp_gpio.o(i.test2fun)
    i.test3fun                               0x08004188   Section        0  bsp_gpio.o(i.test3fun)
    i.test4fun                               0x08004274   Section        0  bsp_gpio.o(i.test4fun)
    i.test5fun                               0x080042f8   Section        0  bsp_gpio.o(i.test5fun)
    i.test6fun                               0x08004324   Section        0  bsp_gpio.o(i.test6fun)
    i.toHEX                                  0x08004330   Section        0  myjson.o(i.toHEX)
    i.unLock                                 0x080043a0   Section        0  bsp_gpio.o(i.unLock)
    .constdata                               0x08004430   Section       10  bsp_display.o(.constdata)
    .constdata                               0x0800443a   Section      512  crc16.o(.constdata)
    .constdata                               0x0800463a   Section       16  system_stm32f1xx.o(.constdata)
    .constdata                               0x0800464a   Section        8  system_stm32f1xx.o(.constdata)
    .constdata                               0x08004658   Section      136  pow.o(.constdata)
    bp                                       0x08004658   Data          16  pow.o(.constdata)
    dp_h                                     0x08004668   Data          16  pow.o(.constdata)
    dp_l                                     0x08004678   Data          16  pow.o(.constdata)
    L                                        0x08004688   Data          48  pow.o(.constdata)
    P                                        0x080046b8   Data          40  pow.o(.constdata)
    .constdata                               0x080046e0   Section        8  qnan.o(.constdata)
    .conststring                             0x080046e8   Section      387  myjson.o(.conststring)
    .data                                    0x20000000   Section      584  bsp_gpio.o(.data)
    .data                                    0x20000248   Section       48  myjson.o(.data)
    .data                                    0x20000278   Section       30  main.o(.data)
    .data                                    0x20000298   Section       12  stm32f1xx_hal.o(.data)
    .data                                    0x200002a4   Section        4  system_stm32f1xx.o(.data)
    .data                                    0x200002a8   Section        4  stdout.o(.data)
    .data                                    0x200002ac   Section        4  errno.o(.data)
    _errno                                   0x200002ac   Data           4  errno.o(.data)
    .bss                                     0x200002b0   Section       64  bsp_gpio.o(.bss)
    .bss                                     0x200002f0   Section    30552  myjson.o(.bss)
    .bss                                     0x20007a48   Section     3560  main.o(.bss)
    STACK                                    0x20008830   Section     1024  startup_stm32f10x_hd.o(STACK)

    Global Symbols

    Symbol Name                              Value     Ov Type        Size  Object(Section)

    BuildAttributes$$THM_ISAv4$P$D$K$B$S$PE$A:L22UL41UL21$X:L11$S22US41US21$IEEE1$IW$USESV6$~STKCKD$USESV7$~SHL$OTIME$ROPI$IEEEX$EBA8$MICROLIB$REQ8$PRES8$EABIv2 0x00000000   Number         0  anon$$obj.o ABSOLUTE
    __ARM_use_no_argv                        0x00000000   Number         0  main.o ABSOLUTE
    _printf_a                                0x00000000   Number         0  stubs.o ABSOLUTE
    _printf_c                                0x00000000   Number         0  stubs.o ABSOLUTE
    _printf_charcount                        0x00000000   Number         0  stubs.o ABSOLUTE
    _printf_d                                0x00000000   Number         0  stubs.o ABSOLUTE
    _printf_e                                0x00000000   Number         0  stubs.o ABSOLUTE
    _printf_f                                0x00000000   Number         0  stubs.o ABSOLUTE
    _printf_flags                            0x00000000   Number         0  stubs.o ABSOLUTE
    _printf_fp_dec                           0x00000000   Number         0  stubs.o ABSOLUTE
    _printf_fp_hex                           0x00000000   Number         0  stubs.o ABSOLUTE
    _printf_g                                0x00000000   Number         0  stubs.o ABSOLUTE
    _printf_i                                0x00000000   Number         0  stubs.o ABSOLUTE
    _printf_int_dec                          0x00000000   Number         0  stubs.o ABSOLUTE
    _printf_l                                0x00000000   Number         0  stubs.o ABSOLUTE
    _printf_lc                               0x00000000   Number         0  stubs.o ABSOLUTE
    _printf_ll                               0x00000000   Number         0  stubs.o ABSOLUTE
    _printf_lld                              0x00000000   Number         0  stubs.o ABSOLUTE
    _printf_lli                              0x00000000   Number         0  stubs.o ABSOLUTE
    _printf_llo                              0x00000000   Number         0  stubs.o ABSOLUTE
    _printf_llu                              0x00000000   Number         0  stubs.o ABSOLUTE
    _printf_llx                              0x00000000   Number         0  stubs.o ABSOLUTE
    _printf_longlong_dec                     0x00000000   Number         0  stubs.o ABSOLUTE
    _printf_longlong_hex                     0x00000000   Number         0  stubs.o ABSOLUTE
    _printf_longlong_oct                     0x00000000   Number         0  stubs.o ABSOLUTE
    _printf_ls                               0x00000000   Number         0  stubs.o ABSOLUTE
    _printf_mbtowc                           0x00000000   Number         0  stubs.o ABSOLUTE
    _printf_n                                0x00000000   Number         0  stubs.o ABSOLUTE
    _printf_o                                0x00000000   Number         0  stubs.o ABSOLUTE
    _printf_p                                0x00000000   Number         0  stubs.o ABSOLUTE
    _printf_percent                          0x00000000   Number         0  stubs.o ABSOLUTE
    _printf_pre_padding                      0x00000000   Number         0  stubs.o ABSOLUTE
    _printf_return_value                     0x00000000   Number         0  stubs.o ABSOLUTE
    _printf_s                                0x00000000   Number         0  stubs.o ABSOLUTE
    _printf_sizespec                         0x00000000   Number         0  stubs.o ABSOLUTE
    _printf_str                              0x00000000   Number         0  stubs.o ABSOLUTE
    _printf_truncate_signed                  0x00000000   Number         0  stubs.o ABSOLUTE
    _printf_truncate_unsigned                0x00000000   Number         0  stubs.o ABSOLUTE
    _printf_u                                0x00000000   Number         0  stubs.o ABSOLUTE
    _printf_wc                               0x00000000   Number         0  stubs.o ABSOLUTE
    _printf_wctomb                           0x00000000   Number         0  stubs.o ABSOLUTE
    _printf_widthprec                        0x00000000   Number         0  stubs.o ABSOLUTE
    _printf_x                                0x00000000   Number         0  stubs.o ABSOLUTE
    __cpp_initialize__aeabi_                  - Undefined Weak Reference
    __cxa_finalize                            - Undefined Weak Reference
    _clock_init                               - Undefined Weak Reference
    _microlib_exit                            - Undefined Weak Reference
    __Vectors_Size                           0x00000130   Number         0  startup_stm32f10x_hd.o ABSOLUTE
    __Vectors                                0x08000000   Data           4  startup_stm32f10x_hd.o(RESET)
    __Vectors_End                            0x08000130   Data           0  startup_stm32f10x_hd.o(RESET)
    __main                                   0x08000131   Thumb Code     0  entry.o(.ARM.Collect$$$$00000000)
    _main_stk                                0x08000131   Thumb Code     0  entry2.o(.ARM.Collect$$$$00000001)
    _main_scatterload                        0x08000135   Thumb Code     0  entry5.o(.ARM.Collect$$$$00000004)
    __main_after_scatterload                 0x08000139   Thumb Code     0  entry5.o(.ARM.Collect$$$$00000004)
    _main_clock                              0x08000139   Thumb Code     0  entry7b.o(.ARM.Collect$$$$00000008)
    _main_cpp_init                           0x08000139   Thumb Code     0  entry8b.o(.ARM.Collect$$$$0000000A)
    _main_init                               0x08000139   Thumb Code     0  entry9a.o(.ARM.Collect$$$$0000000B)
    __rt_final_cpp                           0x08000141   Thumb Code     0  entry10a.o(.ARM.Collect$$$$0000000D)
    __rt_final_exit                          0x08000141   Thumb Code     0  entry11a.o(.ARM.Collect$$$$0000000F)
    Reset_Handler                            0x08000145   Thumb Code     8  startup_stm32f10x_hd.o(.text)
    ADC1_2_IRQHandler                        0x0800015f   Thumb Code     0  startup_stm32f10x_hd.o(.text)
    ADC3_IRQHandler                          0x0800015f   Thumb Code     0  startup_stm32f10x_hd.o(.text)
    CAN1_SCE_IRQHandler                      0x0800015f   Thumb Code     0  startup_stm32f10x_hd.o(.text)
    DMA1_Channel1_IRQHandler                 0x0800015f   Thumb Code     0  startup_stm32f10x_hd.o(.text)
    DMA1_Channel2_IRQHandler                 0x0800015f   Thumb Code     0  startup_stm32f10x_hd.o(.text)
    DMA1_Channel3_IRQHandler                 0x0800015f   Thumb Code     0  startup_stm32f10x_hd.o(.text)
    DMA1_Channel4_IRQHandler                 0x0800015f   Thumb Code     0  startup_stm32f10x_hd.o(.text)
    DMA1_Channel5_IRQHandler                 0x0800015f   Thumb Code     0  startup_stm32f10x_hd.o(.text)
    DMA1_Channel6_IRQHandler                 0x0800015f   Thumb Code     0  startup_stm32f10x_hd.o(.text)
    DMA1_Channel7_IRQHandler                 0x0800015f   Thumb Code     0  startup_stm32f10x_hd.o(.text)
    DMA2_Channel1_IRQHandler                 0x0800015f   Thumb Code     0  startup_stm32f10x_hd.o(.text)
    DMA2_Channel2_IRQHandler                 0x0800015f   Thumb Code     0  startup_stm32f10x_hd.o(.text)
    DMA2_Channel3_IRQHandler                 0x0800015f   Thumb Code     0  startup_stm32f10x_hd.o(.text)
    DMA2_Channel4_5_IRQHandler               0x0800015f   Thumb Code     0  startup_stm32f10x_hd.o(.text)
    EXTI0_IRQHandler                         0x0800015f   Thumb Code     0  startup_stm32f10x_hd.o(.text)
    EXTI1_IRQHandler                         0x0800015f   Thumb Code     0  startup_stm32f10x_hd.o(.text)
    EXTI2_IRQHandler                         0x0800015f   Thumb Code     0  startup_stm32f10x_hd.o(.text)
    EXTI3_IRQHandler                         0x0800015f   Thumb Code     0  startup_stm32f10x_hd.o(.text)
    EXTI4_IRQHandler                         0x0800015f   Thumb Code     0  startup_stm32f10x_hd.o(.text)
    FLASH_IRQHandler                         0x0800015f   Thumb Code     0  startup_stm32f10x_hd.o(.text)
    FSMC_IRQHandler                          0x0800015f   Thumb Code     0  startup_stm32f10x_hd.o(.text)
    I2C1_ER_IRQHandler                       0x0800015f   Thumb Code     0  startup_stm32f10x_hd.o(.text)
    I2C1_EV_IRQHandler                       0x0800015f   Thumb Code     0  startup_stm32f10x_hd.o(.text)
    I2C2_ER_IRQHandler                       0x0800015f   Thumb Code     0  startup_stm32f10x_hd.o(.text)
    I2C2_EV_IRQHandler                       0x0800015f   Thumb Code     0  startup_stm32f10x_hd.o(.text)
    PVD_IRQHandler                           0x0800015f   Thumb Code     0  startup_stm32f10x_hd.o(.text)
    RCC_IRQHandler                           0x0800015f   Thumb Code     0  startup_stm32f10x_hd.o(.text)
    RTCAlarm_IRQHandler                      0x0800015f   Thumb Code     0  startup_stm32f10x_hd.o(.text)
    RTC_IRQHandler                           0x0800015f   Thumb Code     0  startup_stm32f10x_hd.o(.text)
    SDIO_IRQHandler                          0x0800015f   Thumb Code     0  startup_stm32f10x_hd.o(.text)
    SPI1_IRQHandler                          0x0800015f   Thumb Code     0  startup_stm32f10x_hd.o(.text)
    SPI2_IRQHandler                          0x0800015f   Thumb Code     0  startup_stm32f10x_hd.o(.text)
    SPI3_IRQHandler                          0x0800015f   Thumb Code     0  startup_stm32f10x_hd.o(.text)
    TAMPER_IRQHandler                        0x0800015f   Thumb Code     0  startup_stm32f10x_hd.o(.text)
    TIM1_BRK_IRQHandler                      0x0800015f   Thumb Code     0  startup_stm32f10x_hd.o(.text)
    TIM1_CC_IRQHandler                       0x0800015f   Thumb Code     0  startup_stm32f10x_hd.o(.text)
    TIM1_TRG_COM_IRQHandler                  0x0800015f   Thumb Code     0  startup_stm32f10x_hd.o(.text)
    TIM1_UP_IRQHandler                       0x0800015f   Thumb Code     0  startup_stm32f10x_hd.o(.text)
    TIM2_IRQHandler                          0x0800015f   Thumb Code     0  startup_stm32f10x_hd.o(.text)
    TIM4_IRQHandler                          0x0800015f   Thumb Code     0  startup_stm32f10x_hd.o(.text)
    TIM5_IRQHandler                          0x0800015f   Thumb Code     0  startup_stm32f10x_hd.o(.text)
    TIM6_IRQHandler                          0x0800015f   Thumb Code     0  startup_stm32f10x_hd.o(.text)
    TIM7_IRQHandler                          0x0800015f   Thumb Code     0  startup_stm32f10x_hd.o(.text)
    TIM8_BRK_IRQHandler                      0x0800015f   Thumb Code     0  startup_stm32f10x_hd.o(.text)
    TIM8_CC_IRQHandler                       0x0800015f   Thumb Code     0  startup_stm32f10x_hd.o(.text)
    TIM8_TRG_COM_IRQHandler                  0x0800015f   Thumb Code     0  startup_stm32f10x_hd.o(.text)
    TIM8_UP_IRQHandler                       0x0800015f   Thumb Code     0  startup_stm32f10x_hd.o(.text)
    UART4_IRQHandler                         0x0800015f   Thumb Code     0  startup_stm32f10x_hd.o(.text)
    UART5_IRQHandler                         0x0800015f   Thumb Code     0  startup_stm32f10x_hd.o(.text)
    USART3_IRQHandler                        0x0800015f   Thumb Code     0  startup_stm32f10x_hd.o(.text)
    USBWakeUp_IRQHandler                     0x0800015f   Thumb Code     0  startup_stm32f10x_hd.o(.text)
    USB_HP_CAN1_TX_IRQHandler                0x0800015f   Thumb Code     0  startup_stm32f10x_hd.o(.text)
    USB_LP_CAN1_RX0_IRQHandler               0x0800015f   Thumb Code     0  startup_stm32f10x_hd.o(.text)
    WWDG_IRQHandler                          0x0800015f   Thumb Code     0  startup_stm32f10x_hd.o(.text)
    __aeabi_llsr                             0x08000169   Thumb Code    32  llushr.o(.text)
    _ll_ushift_r                             0x08000169   Thumb Code     0  llushr.o(.text)
    __aeabi_memcpy                           0x08000189   Thumb Code    36  memcpya.o(.text)
    __aeabi_memcpy4                          0x08000189   Thumb Code     0  memcpya.o(.text)
    __aeabi_memcpy8                          0x08000189   Thumb Code     0  memcpya.o(.text)
    __aeabi_memset                           0x080001ad   Thumb Code    14  memseta.o(.text)
    __aeabi_memset4                          0x080001ad   Thumb Code     0  memseta.o(.text)
    __aeabi_memset8                          0x080001ad   Thumb Code     0  memseta.o(.text)
    __aeabi_memclr                           0x080001bb   Thumb Code     4  memseta.o(.text)
    __aeabi_memclr4                          0x080001bb   Thumb Code     0  memseta.o(.text)
    __aeabi_memclr8                          0x080001bb   Thumb Code     0  memseta.o(.text)
    _memset$wrapper                          0x080001bf   Thumb Code    18  memseta.o(.text)
    strstr                                   0x080001d1   Thumb Code    36  strstr.o(.text)
    strlen                                   0x080001f5   Thumb Code    14  strlen.o(.text)
    strcpy                                   0x08000203   Thumb Code    18  strcpy.o(.text)
    __aeabi_dadd                             0x08000215   Thumb Code   322  dadd.o(.text)
    __aeabi_dsub                             0x08000357   Thumb Code     6  dadd.o(.text)
    __aeabi_drsub                            0x0800035d   Thumb Code     6  dadd.o(.text)
    __aeabi_dmul                             0x08000363   Thumb Code   228  dmul.o(.text)
    __aeabi_i2d                              0x08000447   Thumb Code    34  dflti.o(.text)
    __aeabi_ui2d                             0x08000469   Thumb Code    26  dfltui.o(.text)
    __aeabi_d2uiz                            0x08000483   Thumb Code    50  dfixui.o(.text)
    __aeabi_uidiv                            0x080004b5   Thumb Code     0  uidiv.o(.text)
    __aeabi_uidivmod                         0x080004b5   Thumb Code    44  uidiv.o(.text)
    __aeabi_llsl                             0x080004e1   Thumb Code    30  llshl.o(.text)
    _ll_shift_l                              0x080004e1   Thumb Code     0  llshl.o(.text)
    __aeabi_lasr                             0x080004ff   Thumb Code    36  llsshr.o(.text)
    _ll_sshift_r                             0x080004ff   Thumb Code     0  llsshr.o(.text)
    __I$use$fp                               0x08000523   Thumb Code     0  iusefp.o(.text)
    _double_round                            0x08000523   Thumb Code    30  depilogue.o(.text)
    _double_epilogue                         0x08000541   Thumb Code   156  depilogue.o(.text)
    __aeabi_ddiv                             0x080005dd   Thumb Code   222  ddiv.o(.text)
    __ARM_scalbn                             0x080006bb   Thumb Code    46  dscalb.o(.text)
    scalbn                                   0x080006bb   Thumb Code     0  dscalb.o(.text)
    __aeabi_cdrcmple                         0x080006e9   Thumb Code    48  cdrcmple.o(.text)
    __scatterload                            0x08000719   Thumb Code    28  init.o(.text)
    __scatterload_rt2                        0x08000719   Thumb Code     0  init.o(.text)
    _dsqrt                                   0x0800073d   Thumb Code   162  dsqrt.o(.text)
    __decompress                             0x080007df   Thumb Code     0  __dczerorl2.o(.text)
    __decompress1                            0x080007df   Thumb Code    86  __dczerorl2.o(.text)
    BSP_Display                              0x08000835   Thumb Code   176  bsp_display.o(i.BSP_Display)
    BusFault_Handler                         0x080008ed   Thumb Code     2  stm32f1xx_it.o(i.BusFault_Handler)
    CAN1_RX1_IRQHandler                      0x080008f1   Thumb Code     6  stm32f1xx_it.o(i.CAN1_RX1_IRQHandler)
    CRC16InRam                               0x080008fd   Thumb Code    38  crc16.o(i.CRC16InRam)
    CalCrc16                                 0x08000929   Thumb Code    66  crc16.o(i.CalCrc16)
    Clear_Display                            0x0800096d   Thumb Code    44  bsp_display.o(i.Clear_Display)
    DebugMon_Handler                         0x0800099d   Thumb Code     2  stm32f1xx_it.o(i.DebugMon_Handler)
    EXTI15_10_IRQHandler                     0x0800099f   Thumb Code     8  stm32f1xx_it.o(i.EXTI15_10_IRQHandler)
    EXTI9_5_IRQHandler                       0x080009a7   Thumb Code     8  stm32f1xx_it.o(i.EXTI9_5_IRQHandler)
    HAL_CAN_ErrorCallback                    0x080009af   Thumb Code     2  stm32f1xx_hal_can.o(i.HAL_CAN_ErrorCallback)
    HAL_CAN_IRQHandler                       0x080009b1   Thumb Code   508  stm32f1xx_hal_can.o(i.HAL_CAN_IRQHandler)
    HAL_CAN_Init                             0x08000bad   Thumb Code   282  stm32f1xx_hal_can.o(i.HAL_CAN_Init)
    HAL_CAN_MspInit                          0x08000cc9   Thumb Code   112  stm32f1xx_hal_msp.o(i.HAL_CAN_MspInit)
    HAL_CAN_RxFifo0FullCallback              0x08000d45   Thumb Code     2  stm32f1xx_hal_can.o(i.HAL_CAN_RxFifo0FullCallback)
    HAL_CAN_RxFifo0MsgPendingCallback        0x08000d47   Thumb Code     2  stm32f1xx_hal_can.o(i.HAL_CAN_RxFifo0MsgPendingCallback)
    HAL_CAN_RxFifo1FullCallback              0x08000d49   Thumb Code     2  stm32f1xx_hal_can.o(i.HAL_CAN_RxFifo1FullCallback)
    HAL_CAN_RxFifo1MsgPendingCallback        0x08000d4b   Thumb Code     2  stm32f1xx_hal_can.o(i.HAL_CAN_RxFifo1MsgPendingCallback)
    HAL_CAN_SleepCallback                    0x08000d4d   Thumb Code     2  stm32f1xx_hal_can.o(i.HAL_CAN_SleepCallback)
    HAL_CAN_TxMailbox0AbortCallback          0x08000d4f   Thumb Code     2  stm32f1xx_hal_can.o(i.HAL_CAN_TxMailbox0AbortCallback)
    HAL_CAN_TxMailbox0CompleteCallback       0x08000d51   Thumb Code     2  stm32f1xx_hal_can.o(i.HAL_CAN_TxMailbox0CompleteCallback)
    HAL_CAN_TxMailbox1AbortCallback          0x08000d53   Thumb Code     2  stm32f1xx_hal_can.o(i.HAL_CAN_TxMailbox1AbortCallback)
    HAL_CAN_TxMailbox1CompleteCallback       0x08000d55   Thumb Code     2  stm32f1xx_hal_can.o(i.HAL_CAN_TxMailbox1CompleteCallback)
    HAL_CAN_TxMailbox2AbortCallback          0x08000d57   Thumb Code     2  stm32f1xx_hal_can.o(i.HAL_CAN_TxMailbox2AbortCallback)
    HAL_CAN_TxMailbox2CompleteCallback       0x08000d59   Thumb Code     2  stm32f1xx_hal_can.o(i.HAL_CAN_TxMailbox2CompleteCallback)
    HAL_CAN_WakeUpFromRxMsgCallback          0x08000d5b   Thumb Code     2  stm32f1xx_hal_can.o(i.HAL_CAN_WakeUpFromRxMsgCallback)
    HAL_DMA_Abort_IT                         0x08000d5d   Thumb Code   296  stm32f1xx_hal_dma.o(i.HAL_DMA_Abort_IT)
    HAL_Delay                                0x08000e8d   Thumb Code    32  stm32f1xx_hal.o(i.HAL_Delay)
    HAL_GPIO_EXTI_Callback                   0x08000eb1   Thumb Code   150  main.o(i.HAL_GPIO_EXTI_Callback)
    HAL_GPIO_EXTI_IRQHandler                 0x08000f55   Thumb Code    18  stm32f1xx_hal_gpio.o(i.HAL_GPIO_EXTI_IRQHandler)
    HAL_GPIO_Init                            0x08000f6d   Thumb Code   462  stm32f1xx_hal_gpio.o(i.HAL_GPIO_Init)
    HAL_GPIO_ReadPin                         0x08001165   Thumb Code    10  stm32f1xx_hal_gpio.o(i.HAL_GPIO_ReadPin)
    HAL_GPIO_WritePin                        0x0800116f   Thumb Code    10  stm32f1xx_hal_gpio.o(i.HAL_GPIO_WritePin)
    HAL_GetTick                              0x08001179   Thumb Code     6  stm32f1xx_hal.o(i.HAL_GetTick)
    HAL_IncTick                              0x08001185   Thumb Code    12  stm32f1xx_hal.o(i.HAL_IncTick)
    HAL_Init                                 0x08001195   Thumb Code    32  stm32f1xx_hal.o(i.HAL_Init)
    HAL_InitTick                             0x080011b9   Thumb Code    54  stm32f1xx_hal.o(i.HAL_InitTick)
    HAL_MspInit                              0x080011f9   Thumb Code    52  stm32f1xx_hal_msp.o(i.HAL_MspInit)
    HAL_NVIC_EnableIRQ                       0x08001235   Thumb Code    26  stm32f1xx_hal_cortex.o(i.HAL_NVIC_EnableIRQ)
    HAL_NVIC_SetPriority                     0x08001251   Thumb Code    60  stm32f1xx_hal_cortex.o(i.HAL_NVIC_SetPriority)
    HAL_NVIC_SetPriorityGrouping             0x08001291   Thumb Code    26  stm32f1xx_hal_cortex.o(i.HAL_NVIC_SetPriorityGrouping)
    HAL_RCC_ClockConfig                      0x080012b5   Thumb Code   280  stm32f1xx_hal_rcc.o(i.HAL_RCC_ClockConfig)
    HAL_RCC_GetPCLK1Freq                     0x080013e1   Thumb Code    20  stm32f1xx_hal_rcc.o(i.HAL_RCC_GetPCLK1Freq)
    HAL_RCC_GetPCLK2Freq                     0x08001401   Thumb Code    20  stm32f1xx_hal_rcc.o(i.HAL_RCC_GetPCLK2Freq)
    HAL_RCC_GetSysClockFreq                  0x08001421   Thumb Code    74  stm32f1xx_hal_rcc.o(i.HAL_RCC_GetSysClockFreq)
    HAL_RCC_OscConfig                        0x0800148d   Thumb Code   778  stm32f1xx_hal_rcc.o(i.HAL_RCC_OscConfig)
    HAL_SYSTICK_Config                       0x080017ad   Thumb Code    40  stm32f1xx_hal_cortex.o(i.HAL_SYSTICK_Config)
    HAL_TIMEx_BreakCallback                  0x080017d5   Thumb Code     2  stm32f1xx_hal_tim_ex.o(i.HAL_TIMEx_BreakCallback)
    HAL_TIMEx_CommutCallback                 0x080017d7   Thumb Code     2  stm32f1xx_hal_tim_ex.o(i.HAL_TIMEx_CommutCallback)
    HAL_TIMEx_MasterConfigSynchronization    0x080017d9   Thumb Code    66  stm32f1xx_hal_tim_ex.o(i.HAL_TIMEx_MasterConfigSynchronization)
    HAL_TIM_Base_Init                        0x0800181b   Thumb Code    54  stm32f1xx_hal_tim.o(i.HAL_TIM_Base_Init)
    HAL_TIM_Base_MspInit                     0x08001851   Thumb Code    50  stm32f1xx_hal_msp.o(i.HAL_TIM_Base_MspInit)
    HAL_TIM_Base_Start_IT                    0x0800188d   Thumb Code    34  stm32f1xx_hal_tim.o(i.HAL_TIM_Base_Start_IT)
    HAL_TIM_ConfigClockSource                0x080018af   Thumb Code   214  stm32f1xx_hal_tim.o(i.HAL_TIM_ConfigClockSource)
    HAL_TIM_IC_CaptureCallback               0x08001985   Thumb Code     2  stm32f1xx_hal_tim.o(i.HAL_TIM_IC_CaptureCallback)
    HAL_TIM_IRQHandler                       0x08001987   Thumb Code   358  stm32f1xx_hal_tim.o(i.HAL_TIM_IRQHandler)
    HAL_TIM_OC_DelayElapsedCallback          0x08001aed   Thumb Code     2  stm32f1xx_hal_tim.o(i.HAL_TIM_OC_DelayElapsedCallback)
    HAL_TIM_PWM_PulseFinishedCallback        0x08001aef   Thumb Code     2  stm32f1xx_hal_tim.o(i.HAL_TIM_PWM_PulseFinishedCallback)
    HAL_TIM_PeriodElapsedCallback            0x08001af1   Thumb Code   268  main.o(i.HAL_TIM_PeriodElapsedCallback)
    HAL_TIM_TriggerCallback                  0x08001c45   Thumb Code     2  stm32f1xx_hal_tim.o(i.HAL_TIM_TriggerCallback)
    HAL_UART_ErrorCallback                   0x08001c47   Thumb Code     2  stm32f1xx_hal_uart.o(i.HAL_UART_ErrorCallback)
    HAL_UART_IRQHandler                      0x08001c49   Thumb Code   266  stm32f1xx_hal_uart.o(i.HAL_UART_IRQHandler)
    HAL_UART_Init                            0x08001d59   Thumb Code    98  stm32f1xx_hal_uart.o(i.HAL_UART_Init)
    HAL_UART_MspInit                         0x08001dbd   Thumb Code   198  stm32f1xx_hal_msp.o(i.HAL_UART_MspInit)
    HAL_UART_Receive_IT                      0x08001e95   Thumb Code    82  stm32f1xx_hal_uart.o(i.HAL_UART_Receive_IT)
    HAL_UART_RxCpltCallback                  0x08001ee9   Thumb Code   120  main.o(i.HAL_UART_RxCpltCallback)
    HAL_UART_Transmit                        0x08001f79   Thumb Code   186  stm32f1xx_hal_uart.o(i.HAL_UART_Transmit)
    HAL_UART_TxCpltCallback                  0x08002033   Thumb Code     2  stm32f1xx_hal_uart.o(i.HAL_UART_TxCpltCallback)
    HC595_SendData                           0x08002035   Thumb Code    72  bsp_display.o(i.HC595_SendData)
    HardFault_Handler                        0x08002081   Thumb Code     2  stm32f1xx_it.o(i.HardFault_Handler)
    JSON_Handle                              0x08002085   Thumb Code   978  myjson.o(i.JSON_Handle)
    JSON_decode                              0x08002635   Thumb Code   490  myjson.o(i.JSON_decode)
    MemManage_Handler                        0x08002ad1   Thumb Code     2  stm32f1xx_it.o(i.MemManage_Handler)
    NMI_Handler                              0x08002ad3   Thumb Code     2  stm32f1xx_it.o(i.NMI_Handler)
    PendSV_Handler                           0x08002ad5   Thumb Code     2  stm32f1xx_it.o(i.PendSV_Handler)
    SVC_Handler                              0x08002ad7   Thumb Code     2  stm32f1xx_it.o(i.SVC_Handler)
    SysTick_Handler                          0x08002ad9   Thumb Code     4  stm32f1xx_it.o(i.SysTick_Handler)
    SystemClock_Config                       0x08002add   Thumb Code    78  main.o(i.SystemClock_Config)
    SystemInit                               0x08002b2d   Thumb Code    56  system_stm32f1xx.o(i.SystemInit)
    TIM3_IRQHandler                          0x08002b75   Thumb Code     6  stm32f1xx_it.o(i.TIM3_IRQHandler)
    TIM_Base_SetConfig                       0x08002b81   Thumb Code   120  stm32f1xx_hal_tim.o(i.TIM_Base_SetConfig)
    TIM_ETR_SetConfig                        0x08002c0d   Thumb Code    20  stm32f1xx_hal_tim.o(i.TIM_ETR_SetConfig)
    USART1_IRQHandler                        0x08002eb9   Thumb Code     6  stm32f1xx_it.o(i.USART1_IRQHandler)
    USART2_IRQHandler                        0x08002ec5   Thumb Code     6  stm32f1xx_it.o(i.USART2_IRQHandler)
    UsageFault_Handler                       0x08002ed1   Thumb Code     2  stm32f1xx_it.o(i.UsageFault_Handler)
    __0printf$3                              0x08002ed5   Thumb Code    22  printf3.o(i.__0printf$3)
    __1printf$3                              0x08002ed5   Thumb Code     0  printf3.o(i.__0printf$3)
    __2printf                                0x08002ed5   Thumb Code     0  printf3.o(i.__0printf$3)
    __0sprintf$3                             0x08002ef5   Thumb Code    34  printf3.o(i.__0sprintf$3)
    __1sprintf$3                             0x08002ef5   Thumb Code     0  printf3.o(i.__0sprintf$3)
    __2sprintf                               0x08002ef5   Thumb Code     0  printf3.o(i.__0sprintf$3)
    __ARM_fpclassify                         0x08002f1d   Thumb Code    40  fpclassify.o(i.__ARM_fpclassify)
    __kernel_poly                            0x08002f65   Thumb Code   170  poly.o(i.__kernel_poly)
    __mathlib_dbl_divzero                    0x08003011   Thumb Code    12  dunder.o(i.__mathlib_dbl_divzero)
    __mathlib_dbl_infnan2                    0x08003021   Thumb Code     4  dunder.o(i.__mathlib_dbl_infnan2)
    __mathlib_dbl_invalid                    0x08003025   Thumb Code    12  dunder.o(i.__mathlib_dbl_invalid)
    __mathlib_dbl_overflow                   0x08003031   Thumb Code    14  dunder.o(i.__mathlib_dbl_overflow)
    __mathlib_dbl_underflow                  0x08003041   Thumb Code    10  dunder.o(i.__mathlib_dbl_underflow)
    __scatterload_copy                       0x08003051   Thumb Code    14  handlers.o(i.__scatterload_copy)
    __scatterload_null                       0x0800305f   Thumb Code     2  handlers.o(i.__scatterload_null)
    __scatterload_zeroinit                   0x08003061   Thumb Code    14  handlers.o(i.__scatterload_zeroinit)
    __set_errno                              0x08003071   Thumb Code     6  errno.o(i.__set_errno)
    allCheck                                 0x08003241   Thumb Code   138  bsp_gpio.o(i.allCheck)
    allLine_Up                               0x080032e5   Thumb Code    32  bsp_gpio.o(i.allLine_Up)
    allOpen                                  0x0800330d   Thumb Code   140  bsp_gpio.o(i.allOpen)
    delock                                   0x080033c9   Thumb Code    84  bsp_gpio.o(i.delock)
    fputc                                    0x08003429   Thumb Code    20  main.o(i.fputc)
    main                                     0x08003441   Thumb Code   570  main.o(i.main)
    pow                                      0x0800374d   Thumb Code  2478  pow.o(i.pow)
    sqrt                                     0x08004105   Thumb Code    76  sqrt.o(i.sqrt)
    test1fun                                 0x08004151   Thumb Code    26  bsp_gpio.o(i.test1fun)
    test2fun                                 0x0800417d   Thumb Code     8  bsp_gpio.o(i.test2fun)
    test3fun                                 0x08004189   Thumb Code   204  bsp_gpio.o(i.test3fun)
    test4fun                                 0x08004275   Thumb Code   110  bsp_gpio.o(i.test4fun)
    test5fun                                 0x080042f9   Thumb Code    26  bsp_gpio.o(i.test5fun)
    test6fun                                 0x08004325   Thumb Code     8  bsp_gpio.o(i.test6fun)
    toHEX                                    0x08004331   Thumb Code   102  myjson.o(i.toHEX)
    unLock                                   0x080043a1   Thumb Code   128  bsp_gpio.o(i.unLock)
    digDisplay                               0x08004430   Data          10  bsp_display.o(.constdata)
    CRC16_Table                              0x0800443a   Data         512  crc16.o(.constdata)
    AHBPrescTable                            0x0800463a   Data          16  system_stm32f1xx.o(.constdata)
    APBPrescTable                            0x0800464a   Data           8  system_stm32f1xx.o(.constdata)
    __mathlib_zero                           0x080046e0   Data           8  qnan.o(.constdata)
    Region$$Table$$Base                      0x0800486c   Number         0  anon$$obj.o(Region$$Table)
    Region$$Table$$Limit                     0x0800488c   Number         0  anon$$obj.o(Region$$Table)
    lastUnlock                               0x20000000   Data           1  bsp_gpio.o(.data)
    busyStatus                               0x20000001   Data           1  bsp_gpio.o(.data)
    STATUS                                   0x20000002   Data           1  bsp_gpio.o(.data)
    testdisplay                              0x20000003   Data           1  bsp_gpio.o(.data)
    lockCnt                                  0x20000004   Data           2  bsp_gpio.o(.data)
    bsp_gpio                                 0x20000008   Data         256  bsp_gpio.o(.data)
    bsp_pin                                  0x20000108   Data         256  bsp_gpio.o(.data)
    detect_pin                               0x20000208   Data          32  bsp_gpio.o(.data)
    line_pin                                 0x20000228   Data          32  bsp_gpio.o(.data)
    totalPoint                               0x20000248   Data           1  myjson.o(.data)
    arrItems                                 0x20000249   Data           1  myjson.o(.data)
    slot                                     0x2000024a   Data           1  myjson.o(.data)
    slotNum                                  0x2000024b   Data           1  myjson.o(.data)
    tj                                       0x2000024c   Data           1  myjson.o(.data)
    k                                        0x2000024d   Data           1  myjson.o(.data)
    errorSlot                                0x2000024e   Data           1  myjson.o(.data)
    sTimes                                   0x2000024f   Data           1  myjson.o(.data)
    errPlaceSlot                             0x20000250   Data           1  myjson.o(.data)
    totalResult                              0x20000252   Data           2  myjson.o(.data)
    expectTotalResult                        0x20000254   Data           2  myjson.o(.data)
    ti                                       0x20000256   Data           2  myjson.o(.data)
    tempCnt                                  0x20000258   Data           2  myjson.o(.data)
    itempCnt                                 0x2000025a   Data           2  myjson.o(.data)
    olditempCnt                              0x2000025c   Data           2  myjson.o(.data)
    p                                        0x20000260   Data           4  myjson.o(.data)
    end                                      0x20000264   Data           4  myjson.o(.data)
    commom                                   0x20000268   Data           4  myjson.o(.data)
    oldCommom                                0x2000026c   Data           4  myjson.o(.data)
    temp                                     0x20000270   Data           4  myjson.o(.data)
    s                                        0x20000274   Data           4  myjson.o(.data)
    Uart1Temp                                0x20000278   Data           1  main.o(.data)
    Uart2Temp                                0x20000279   Data           1  main.o(.data)
    Uart1Cnt                                 0x2000027a   Data           1  main.o(.data)
    Uart2Cnt                                 0x2000027b   Data           1  main.o(.data)
    rx1Done                                  0x2000027c   Data           1  main.o(.data)
    rx2Done                                  0x2000027d   Data           1  main.o(.data)
    sendTimes                                0x2000027e   Data           1  main.o(.data)
    displaylock                              0x2000027f   Data           1  main.o(.data)
    test                                     0x20000280   Data           1  main.o(.data)
    LEDCnt                                   0x20000282   Data           2  main.o(.data)
    rx1Cnt                                   0x20000284   Data           2  main.o(.data)
    rx2Cnt                                   0x20000286   Data           2  main.o(.data)
    heartBeatCnt                             0x20000288   Data           2  main.o(.data)
    healthCnt                                0x2000028a   Data           2  main.o(.data)
    startCnt                                 0x2000028c   Data           2  main.o(.data)
    HEAD                                     0x2000028e   Data           2  main.o(.data)
    TAIL                                     0x20000290   Data           2  main.o(.data)
    crcnum                                   0x20000292   Data           2  main.o(.data)
    crcadd                                   0x20000294   Data           2  main.o(.data)
    uwTickFreq                               0x20000298   Data           1  stm32f1xx_hal.o(.data)
    uwTickPrio                               0x2000029c   Data           4  stm32f1xx_hal.o(.data)
    uwTick                                   0x200002a0   Data           4  stm32f1xx_hal.o(.data)
    SystemCoreClock                          0x200002a4   Data           4  system_stm32f1xx.o(.data)
    __stdout                                 0x200002a8   Data           4  stdout.o(.data)
    lockStatus                               0x200002b0   Data          64  bsp_gpio.o(.bss)
    str                                      0x200002f0   Data        1024  myjson.o(.bss)
    strr                                     0x200006f0   Data        1024  myjson.o(.bss)
    tempstr                                  0x20000af0   Data       16000  myjson.o(.bss)
    returnStr                                0x20004970   Data        1024  myjson.o(.bss)
    sItems                                   0x20004d70   Data       10000  myjson.o(.bss)
    eItems                                   0x20007480   Data        1000  myjson.o(.bss)
    CMD                                      0x20007868   Data          50  myjson.o(.bss)
    orderNomber                              0x2000789a   Data          50  myjson.o(.bss)
    PID                                      0x200078cc   Data          50  myjson.o(.bss)
    OPID                                     0x200078fe   Data          50  myjson.o(.bss)
    TID                                      0x20007930   Data          50  myjson.o(.bss)
    Ttime                                    0x20007962   Data          50  myjson.o(.bss)
    orderResult                              0x20007994   Data          20  myjson.o(.bss)
    PlaceSlot                                0x200079a8   Data         160  myjson.o(.bss)
    hcan                                     0x20007a48   Data          40  main.o(.bss)
    htim3                                    0x20007a70   Data          64  main.o(.bss)
    huart1                                   0x20007ab0   Data          64  main.o(.bss)
    huart2                                   0x20007af0   Data          64  main.o(.bss)
    rx1Buff                                  0x20007b30   Data        1024  main.o(.bss)
    rx2Buff                                  0x20007f30   Data        1024  main.o(.bss)
    tempBuff                                 0x20008330   Data        1024  main.o(.bss)
    heartBeatBuff                            0x20008730   Data         256  main.o(.bss)
    __initial_sp                             0x20008c30   Data           0  startup_stm32f10x_hd.o(STACK)



==============================================================================

Memory Map of the image

  Image Entry point : 0x08000131

  Load Region LR_IROM1 (Base: 0x08000000, Size: 0x00004b3c, Max: 0x00080000, ABSOLUTE, COMPRESSED[0x00004910])

    Execution Region ER_IROM1 (Base: 0x08000000, Size: 0x0000488c, Max: 0x00080000, ABSOLUTE)

    Base Addr    Size         Type   Attr      Idx    E Section Name        Object

    0x08000000   0x00000130   Data   RO         3119    RESET               startup_stm32f10x_hd.o
    0x08000130   0x00000000   Code   RO         3172  * .ARM.Collect$$$$00000000  mc_w.l(entry.o)
    0x08000130   0x00000004   Code   RO         3487    .ARM.Collect$$$$00000001  mc_w.l(entry2.o)
    0x08000134   0x00000004   Code   RO         3490    .ARM.Collect$$$$00000004  mc_w.l(entry5.o)
    0x08000138   0x00000000   Code   RO         3492    .ARM.Collect$$$$00000008  mc_w.l(entry7b.o)
    0x08000138   0x00000000   Code   RO         3494    .ARM.Collect$$$$0000000A  mc_w.l(entry8b.o)
    0x08000138   0x00000008   Code   RO         3495    .ARM.Collect$$$$0000000B  mc_w.l(entry9a.o)
    0x08000140   0x00000000   Code   RO         3497    .ARM.Collect$$$$0000000D  mc_w.l(entry10a.o)
    0x08000140   0x00000000   Code   RO         3499    .ARM.Collect$$$$0000000F  mc_w.l(entry11a.o)
    0x08000140   0x00000004   Code   RO         3488    .ARM.Collect$$$$00002712  mc_w.l(entry2.o)
    0x08000144   0x00000024   Code   RO         3120    .text               startup_stm32f10x_hd.o
    0x08000168   0x00000020   Code   RO         3175    .text               mc_w.l(llushr.o)
    0x08000188   0x00000024   Code   RO         3177    .text               mc_w.l(memcpya.o)
    0x080001ac   0x00000024   Code   RO         3179    .text               mc_w.l(memseta.o)
    0x080001d0   0x00000024   Code   RO         3181    .text               mc_w.l(strstr.o)
    0x080001f4   0x0000000e   Code   RO         3183    .text               mc_w.l(strlen.o)
    0x08000202   0x00000012   Code   RO         3185    .text               mc_w.l(strcpy.o)
    0x08000214   0x0000014e   Code   RO         3450    .text               mf_w.l(dadd.o)
    0x08000362   0x000000e4   Code   RO         3452    .text               mf_w.l(dmul.o)
    0x08000446   0x00000022   Code   RO         3454    .text               mf_w.l(dflti.o)
    0x08000468   0x0000001a   Code   RO         3456    .text               mf_w.l(dfltui.o)
    0x08000482   0x00000032   Code   RO         3458    .text               mf_w.l(dfixui.o)
    0x080004b4   0x0000002c   Code   RO         3502    .text               mc_w.l(uidiv.o)
    0x080004e0   0x0000001e   Code   RO         3506    .text               mc_w.l(llshl.o)
    0x080004fe   0x00000024   Code   RO         3508    .text               mc_w.l(llsshr.o)
    0x08000522   0x00000000   Code   RO         3517    .text               mc_w.l(iusefp.o)
    0x08000522   0x000000ba   Code   RO         3518    .text               mf_w.l(depilogue.o)
    0x080005dc   0x000000de   Code   RO         3520    .text               mf_w.l(ddiv.o)
    0x080006ba   0x0000002e   Code   RO         3522    .text               mf_w.l(dscalb.o)
    0x080006e8   0x00000030   Code   RO         3526    .text               mf_w.l(cdrcmple.o)
    0x08000718   0x00000024   Code   RO         3528    .text               mc_w.l(init.o)
    0x0800073c   0x000000a2   Code   RO         3530    .text               mf_w.l(dsqrt.o)
    0x080007de   0x00000056   Code   RO         3542    .text               mc_w.l(__dczerorl2.o)
    0x08000834   0x000000b8   Code   RO          519    i.BSP_Display       bsp_display.o
    0x080008ec   0x00000002   Code   RO          347    i.BusFault_Handler  stm32f1xx_it.o
    0x080008ee   0x00000002   PAD
    0x080008f0   0x0000000c   Code   RO          348    i.CAN1_RX1_IRQHandler  stm32f1xx_it.o
    0x080008fc   0x0000002c   Code   RO          558    i.CRC16InRam        crc16.o
    0x08000928   0x00000042   Code   RO          559    i.CalCrc16          crc16.o
    0x0800096a   0x00000002   PAD
    0x0800096c   0x00000030   Code   RO          520    i.Clear_Display     bsp_display.o
    0x0800099c   0x00000002   Code   RO          349    i.DebugMon_Handler  stm32f1xx_it.o
    0x0800099e   0x00000008   Code   RO          350    i.EXTI15_10_IRQHandler  stm32f1xx_it.o
    0x080009a6   0x00000008   Code   RO          351    i.EXTI9_5_IRQHandler  stm32f1xx_it.o
    0x080009ae   0x00000002   Code   RO          633    i.HAL_CAN_ErrorCallback  stm32f1xx_hal_can.o
    0x080009b0   0x000001fc   Code   RO          640    i.HAL_CAN_IRQHandler  stm32f1xx_hal_can.o
    0x08000bac   0x0000011a   Code   RO          641    i.HAL_CAN_Init      stm32f1xx_hal_can.o
    0x08000cc6   0x00000002   PAD
    0x08000cc8   0x0000007c   Code   RO          460    i.HAL_CAN_MspInit   stm32f1xx_hal_msp.o
    0x08000d44   0x00000002   Code   RO          648    i.HAL_CAN_RxFifo0FullCallback  stm32f1xx_hal_can.o
    0x08000d46   0x00000002   Code   RO          649    i.HAL_CAN_RxFifo0MsgPendingCallback  stm32f1xx_hal_can.o
    0x08000d48   0x00000002   Code   RO          650    i.HAL_CAN_RxFifo1FullCallback  stm32f1xx_hal_can.o
    0x08000d4a   0x00000002   Code   RO          651    i.HAL_CAN_RxFifo1MsgPendingCallback  stm32f1xx_hal_can.o
    0x08000d4c   0x00000002   Code   RO          652    i.HAL_CAN_SleepCallback  stm32f1xx_hal_can.o
    0x08000d4e   0x00000002   Code   RO          655    i.HAL_CAN_TxMailbox0AbortCallback  stm32f1xx_hal_can.o
    0x08000d50   0x00000002   Code   RO          656    i.HAL_CAN_TxMailbox0CompleteCallback  stm32f1xx_hal_can.o
    0x08000d52   0x00000002   Code   RO          657    i.HAL_CAN_TxMailbox1AbortCallback  stm32f1xx_hal_can.o
    0x08000d54   0x00000002   Code   RO          658    i.HAL_CAN_TxMailbox1CompleteCallback  stm32f1xx_hal_can.o
    0x08000d56   0x00000002   Code   RO          659    i.HAL_CAN_TxMailbox2AbortCallback  stm32f1xx_hal_can.o
    0x08000d58   0x00000002   Code   RO          660    i.HAL_CAN_TxMailbox2CompleteCallback  stm32f1xx_hal_can.o
    0x08000d5a   0x00000002   Code   RO          662    i.HAL_CAN_WakeUpFromRxMsgCallback  stm32f1xx_hal_can.o
    0x08000d5c   0x00000130   Code   RO         1241    i.HAL_DMA_Abort_IT  stm32f1xx_hal_dma.o
    0x08000e8c   0x00000024   Code   RO          868    i.HAL_Delay         stm32f1xx_hal.o
    0x08000eb0   0x000000a4   Code   RO          267    i.HAL_GPIO_EXTI_Callback  main.o
    0x08000f54   0x00000018   Code   RO         1175    i.HAL_GPIO_EXTI_IRQHandler  stm32f1xx_hal_gpio.o
    0x08000f6c   0x000001f8   Code   RO         1176    i.HAL_GPIO_Init     stm32f1xx_hal_gpio.o
    0x08001164   0x0000000a   Code   RO         1178    i.HAL_GPIO_ReadPin  stm32f1xx_hal_gpio.o
    0x0800116e   0x0000000a   Code   RO         1180    i.HAL_GPIO_WritePin  stm32f1xx_hal_gpio.o
    0x08001178   0x0000000c   Code   RO          872    i.HAL_GetTick       stm32f1xx_hal.o
    0x08001184   0x00000010   Code   RO          878    i.HAL_IncTick       stm32f1xx_hal.o
    0x08001194   0x00000024   Code   RO          879    i.HAL_Init          stm32f1xx_hal.o
    0x080011b8   0x00000040   Code   RO          880    i.HAL_InitTick      stm32f1xx_hal.o
    0x080011f8   0x0000003c   Code   RO          461    i.HAL_MspInit       stm32f1xx_hal_msp.o
    0x08001234   0x0000001a   Code   RO         1336    i.HAL_NVIC_EnableIRQ  stm32f1xx_hal_cortex.o
    0x0800124e   0x00000002   PAD
    0x08001250   0x00000040   Code   RO         1342    i.HAL_NVIC_SetPriority  stm32f1xx_hal_cortex.o
    0x08001290   0x00000024   Code   RO         1343    i.HAL_NVIC_SetPriorityGrouping  stm32f1xx_hal_cortex.o
    0x080012b4   0x0000012c   Code   RO         1036    i.HAL_RCC_ClockConfig  stm32f1xx_hal_rcc.o
    0x080013e0   0x00000020   Code   RO         1043    i.HAL_RCC_GetPCLK1Freq  stm32f1xx_hal_rcc.o
    0x08001400   0x00000020   Code   RO         1044    i.HAL_RCC_GetPCLK2Freq  stm32f1xx_hal_rcc.o
    0x08001420   0x0000006c   Code   RO         1045    i.HAL_RCC_GetSysClockFreq  stm32f1xx_hal_rcc.o
    0x0800148c   0x00000320   Code   RO         1048    i.HAL_RCC_OscConfig  stm32f1xx_hal_rcc.o
    0x080017ac   0x00000028   Code   RO         1347    i.HAL_SYSTICK_Config  stm32f1xx_hal_cortex.o
    0x080017d4   0x00000002   Code   RO         2513    i.HAL_TIMEx_BreakCallback  stm32f1xx_hal_tim_ex.o
    0x080017d6   0x00000002   Code   RO         2514    i.HAL_TIMEx_CommutCallback  stm32f1xx_hal_tim_ex.o
    0x080017d8   0x00000042   Code   RO         2531    i.HAL_TIMEx_MasterConfigSynchronization  stm32f1xx_hal_tim_ex.o
    0x0800181a   0x00000036   Code   RO         1838    i.HAL_TIM_Base_Init  stm32f1xx_hal_tim.o
    0x08001850   0x0000003c   Code   RO          463    i.HAL_TIM_Base_MspInit  stm32f1xx_hal_msp.o
    0x0800188c   0x00000022   Code   RO         1843    i.HAL_TIM_Base_Start_IT  stm32f1xx_hal_tim.o
    0x080018ae   0x000000d6   Code   RO         1847    i.HAL_TIM_ConfigClockSource  stm32f1xx_hal_tim.o
    0x08001984   0x00000002   Code   RO         1867    i.HAL_TIM_IC_CaptureCallback  stm32f1xx_hal_tim.o
    0x08001986   0x00000166   Code   RO         1881    i.HAL_TIM_IRQHandler  stm32f1xx_hal_tim.o
    0x08001aec   0x00000002   Code   RO         1884    i.HAL_TIM_OC_DelayElapsedCallback  stm32f1xx_hal_tim.o
    0x08001aee   0x00000002   Code   RO         1911    i.HAL_TIM_PWM_PulseFinishedCallback  stm32f1xx_hal_tim.o
    0x08001af0   0x00000154   Code   RO          268    i.HAL_TIM_PeriodElapsedCallback  main.o
    0x08001c44   0x00000002   Code   RO         1924    i.HAL_TIM_TriggerCallback  stm32f1xx_hal_tim.o
    0x08001c46   0x00000002   Code   RO         2785    i.HAL_UART_ErrorCallback  stm32f1xx_hal_uart.o
    0x08001c48   0x00000110   Code   RO         2788    i.HAL_UART_IRQHandler  stm32f1xx_hal_uart.o
    0x08001d58   0x00000062   Code   RO         2789    i.HAL_UART_Init     stm32f1xx_hal_uart.o
    0x08001dba   0x00000002   PAD
    0x08001dbc   0x000000d8   Code   RO          465    i.HAL_UART_MspInit  stm32f1xx_hal_msp.o
    0x08001e94   0x00000052   Code   RO         2794    i.HAL_UART_Receive_IT  stm32f1xx_hal_uart.o
    0x08001ee6   0x00000002   PAD
    0x08001ee8   0x00000090   Code   RO          269    i.HAL_UART_RxCpltCallback  main.o
    0x08001f78   0x000000ba   Code   RO         2797    i.HAL_UART_Transmit  stm32f1xx_hal_uart.o
    0x08002032   0x00000002   Code   RO         2800    i.HAL_UART_TxCpltCallback  stm32f1xx_hal_uart.o
    0x08002034   0x0000004c   Code   RO          521    i.HC595_SendData    bsp_display.o
    0x08002080   0x00000002   Code   RO          352    i.HardFault_Handler  stm32f1xx_it.o
    0x08002082   0x00000002   PAD
    0x08002084   0x000005b0   Code   RO          215    i.JSON_Handle       myjson.o
    0x08002634   0x00000204   Code   RO          216    i.JSON_decode       myjson.o
    0x08002838   0x00000034   Code   RO          270    i.MX_CAN_Init       main.o
    0x0800286c   0x0000020c   Code   RO          271    i.MX_GPIO_Init      main.o
    0x08002a78   0x00000058   Code   RO          272    i.MX_TIM3_Init      main.o
    0x08002ad0   0x00000002   Code   RO          353    i.MemManage_Handler  stm32f1xx_it.o
    0x08002ad2   0x00000002   Code   RO          354    i.NMI_Handler       stm32f1xx_it.o
    0x08002ad4   0x00000002   Code   RO          355    i.PendSV_Handler    stm32f1xx_it.o
    0x08002ad6   0x00000002   Code   RO          356    i.SVC_Handler       stm32f1xx_it.o
    0x08002ad8   0x00000004   Code   RO          357    i.SysTick_Handler   stm32f1xx_it.o
    0x08002adc   0x0000004e   Code   RO          273    i.SystemClock_Config  main.o
    0x08002b2a   0x00000002   PAD
    0x08002b2c   0x00000048   Code   RO         3128    i.SystemInit        system_stm32f1xx.o
    0x08002b74   0x0000000c   Code   RO          358    i.TIM3_IRQHandler   stm32f1xx_it.o
    0x08002b80   0x0000008c   Code   RO         1926    i.TIM_Base_SetConfig  stm32f1xx_hal_tim.o
    0x08002c0c   0x00000014   Code   RO         1937    i.TIM_ETR_SetConfig  stm32f1xx_hal_tim.o
    0x08002c20   0x00000010   Code   RO         1938    i.TIM_ITRx_SetConfig  stm32f1xx_hal_tim.o
    0x08002c30   0x00000022   Code   RO         1944    i.TIM_TI1_ConfigInputStage  stm32f1xx_hal_tim.o
    0x08002c52   0x00000024   Code   RO         1946    i.TIM_TI2_ConfigInputStage  stm32f1xx_hal_tim.o
    0x08002c76   0x00000010   Code   RO         2802    i.UART_DMAAbortOnError  stm32f1xx_hal_uart.o
    0x08002c86   0x0000001c   Code   RO         2812    i.UART_EndRxTransfer  stm32f1xx_hal_uart.o
    0x08002ca2   0x00000096   Code   RO         2814    i.UART_Receive_IT   stm32f1xx_hal_uart.o
    0x08002d38   0x000000b8   Code   RO         2815    i.UART_SetConfig    stm32f1xx_hal_uart.o
    0x08002df0   0x00000062   Code   RO         2816    i.UART_Transmit_IT  stm32f1xx_hal_uart.o
    0x08002e52   0x00000064   Code   RO         2817    i.UART_WaitOnFlagUntilTimeout  stm32f1xx_hal_uart.o
    0x08002eb6   0x00000002   PAD
    0x08002eb8   0x0000000c   Code   RO          359    i.USART1_IRQHandler  stm32f1xx_it.o
    0x08002ec4   0x0000000c   Code   RO          360    i.USART2_IRQHandler  stm32f1xx_it.o
    0x08002ed0   0x00000002   Code   RO          361    i.UsageFault_Handler  stm32f1xx_it.o
    0x08002ed2   0x00000002   PAD
    0x08002ed4   0x00000020   Code   RO         3278    i.__0printf$3       mc_w.l(printf3.o)
    0x08002ef4   0x00000028   Code   RO         3280    i.__0sprintf$3      mc_w.l(printf3.o)
    0x08002f1c   0x00000028   Code   RO         3474    i.__ARM_fpclassify  m_ws.l(fpclassify.o)
    0x08002f44   0x00000020   Code   RO         1349    i.__NVIC_SetPriority  stm32f1xx_hal_cortex.o
    0x08002f64   0x000000aa   Code   RO         3476    i.__kernel_poly     m_ws.l(poly.o)
    0x0800300e   0x00000002   PAD
    0x08003010   0x00000010   Code   RO         3460    i.__mathlib_dbl_divzero  m_ws.l(dunder.o)
    0x08003020   0x00000004   Code   RO         3462    i.__mathlib_dbl_infnan2  m_ws.l(dunder.o)
    0x08003024   0x0000000c   Code   RO         3463    i.__mathlib_dbl_invalid  m_ws.l(dunder.o)
    0x08003030   0x0000000e   Code   RO         3464    i.__mathlib_dbl_overflow  m_ws.l(dunder.o)
    0x0800303e   0x00000002   PAD
    0x08003040   0x00000010   Code   RO         3466    i.__mathlib_dbl_underflow  m_ws.l(dunder.o)
    0x08003050   0x0000000e   Code   RO         3536    i.__scatterload_copy  mc_w.l(handlers.o)
    0x0800305e   0x00000002   Code   RO         3537    i.__scatterload_null  mc_w.l(handlers.o)
    0x08003060   0x0000000e   Code   RO         3538    i.__scatterload_zeroinit  mc_w.l(handlers.o)
    0x0800306e   0x00000002   PAD
    0x08003070   0x0000000c   Code   RO         3512    i.__set_errno       mc_w.l(errno.o)
    0x0800307c   0x000001b8   Code   RO         3285    i._printf_core      mc_w.l(printf3.o)
    0x08003234   0x0000000a   Code   RO         3287    i._sputc            mc_w.l(printf3.o)
    0x0800323e   0x00000002   PAD
    0x08003240   0x000000a4   Code   RO            4    i.allCheck          bsp_gpio.o
    0x080032e4   0x00000028   Code   RO            5    i.allLine_Up        bsp_gpio.o
    0x0800330c   0x000000bc   Code   RO            6    i.allOpen           bsp_gpio.o
    0x080033c8   0x00000060   Code   RO            7    i.delock            bsp_gpio.o
    0x08003428   0x00000018   Code   RO          274    i.fputc             main.o
    0x08003440   0x0000030c   Code   RO          275    i.main              main.o
    0x0800374c   0x000009b8   Code   RO         3163    i.pow               m_ws.l(pow.o)
    0x08004104   0x0000004c   Code   RO         3480    i.sqrt              m_ws.l(sqrt.o)
    0x08004150   0x0000002c   Code   RO            8    i.test1fun          bsp_gpio.o
    0x0800417c   0x0000000c   Code   RO            9    i.test2fun          bsp_gpio.o
    0x08004188   0x000000ec   Code   RO           10    i.test3fun          bsp_gpio.o
    0x08004274   0x00000084   Code   RO           11    i.test4fun          bsp_gpio.o
    0x080042f8   0x0000002c   Code   RO           12    i.test5fun          bsp_gpio.o
    0x08004324   0x0000000c   Code   RO           13    i.test6fun          bsp_gpio.o
    0x08004330   0x00000070   Code   RO          217    i.toHEX             myjson.o
    0x080043a0   0x00000090   Code   RO           15    i.unLock            bsp_gpio.o
    0x08004430   0x0000000a   Data   RO          522    .constdata          bsp_display.o
    0x0800443a   0x00000200   Data   RO          560    .constdata          crc16.o
    0x0800463a   0x00000010   Data   RO         3129    .constdata          system_stm32f1xx.o
    0x0800464a   0x00000008   Data   RO         3130    .constdata          system_stm32f1xx.o
    0x08004652   0x00000006   PAD
    0x08004658   0x00000088   Data   RO         3164    .constdata          m_ws.l(pow.o)
    0x080046e0   0x00000008   Data   RO         3478    .constdata          m_ws.l(qnan.o)
    0x080046e8   0x00000183   Data   RO          221    .conststring        myjson.o
    0x0800486b   0x00000001   PAD
    0x0800486c   0x00000020   Data   RO         3534    Region$$Table       anon$$obj.o


    Execution Region RW_IRAM1 (Base: 0x20000000, Size: 0x00008c30, Max: 0x00010000, ABSOLUTE, COMPRESSED[0x00000084])

    Base Addr    Size         Type   Attr      Idx    E Section Name        Object

    0x20000000   0x00000248   Data   RW           17    .data               bsp_gpio.o
    0x20000248   0x00000030   Data   RW          222    .data               myjson.o
    0x20000278   0x0000001e   Data   RW          279    .data               main.o
    0x20000296   0x00000002   PAD
    0x20000298   0x0000000c   Data   RW          886    .data               stm32f1xx_hal.o
    0x200002a4   0x00000004   Data   RW         3131    .data               system_stm32f1xx.o
    0x200002a8   0x00000004   Data   RW         3501    .data               mc_w.l(stdout.o)
    0x200002ac   0x00000004   Data   RW         3513    .data               mc_w.l(errno.o)
    0x200002b0   0x00000040   Zero   RW           16    .bss                bsp_gpio.o
    0x200002f0   0x00007758   Zero   RW          218    .bss                myjson.o
    0x20007a48   0x00000de8   Zero   RW          276    .bss                main.o
    0x20008830   0x00000400   Zero   RW         3117    STACK               startup_stm32f10x_hd.o


==============================================================================

Image component sizes


      Code (inc. data)   RO Data    RW Data    ZI Data      Debug   Object Name

       308         16         10          0          0       2112   bsp_display.o
      1112        208          0        584         64     502082   bsp_gpio.o
       110          6        512          0          0       1730   crc16.o
      2194        378          0         30       3560       7724   main.o
      2084        514        387         48      30552       4720   myjson.o
        36          8        304          0       1024        780   startup_stm32f10x_hd.o
       164         28          0         12          0       6449   stm32f1xx_hal.o
       816          0          0          0          0       9431   stm32f1xx_hal_can.o
       198         14          0          0          0      28595   stm32f1xx_hal_cortex.o
       304          8          0          0          0       1103   stm32f1xx_hal_dma.o
       548         48          0          0          0       3730   stm32f1xx_hal_gpio.o
       460         48          0          0          0       2894   stm32f1xx_hal_msp.o
      1272        100          0          0          0       4948   stm32f1xx_hal_rcc.o
       914         20          0          0          0       9093   stm32f1xx_hal_tim.o
        70          0          0          0          0       2301   stm32f1xx_hal_tim_ex.o
      1218         12          0          0          0       8467   stm32f1xx_hal_uart.o
        84         24          0          0          0       6378   stm32f1xx_it.o
        72         16         24          4          0       1163   system_stm32f1xx.o

    ----------------------------------------------------------------------
     11984       1448       1276        680      35200     603700   Object Totals
         0          0         32          0          0          0   (incl. Generated)
        20          0          7          2          0          0   (incl. Padding)

    ----------------------------------------------------------------------

      Code (inc. data)   RO Data    RW Data    ZI Data      Debug   Library Member Name

        62         10          0          0          0        340   dunder.o
        40          0          0          0          0         68   fpclassify.o
       170          0          0          0          0         96   poly.o
      2488        190        136          0          0        300   pow.o
         0          0          8          0          0          0   qnan.o
        76          0          0          0          0         84   sqrt.o
        86          0          0          0          0          0   __dczerorl2.o
         0          0          0          0          0          0   entry.o
         0          0          0          0          0          0   entry10a.o
         0          0          0          0          0          0   entry11a.o
         8          4          0          0          0          0   entry2.o
         4          0          0          0          0          0   entry5.o
         0          0          0          0          0          0   entry7b.o
         0          0          0          0          0          0   entry8b.o
         8          4          0          0          0          0   entry9a.o
        12          6          0          4          0         68   errno.o
        30          0          0          0          0          0   handlers.o
        36          8          0          0          0         68   init.o
         0          0          0          0          0          0   iusefp.o
        30          0          0          0          0         68   llshl.o
        36          0          0          0          0         68   llsshr.o
        32          0          0          0          0         68   llushr.o
        36          0          0          0          0         68   memcpya.o
        36          0          0          0          0        108   memseta.o
       522         20          0          0          0        336   printf3.o
         0          0          0          4          0          0   stdout.o
        18          0          0          0          0         68   strcpy.o
        14          0          0          0          0         68   strlen.o
        36          0          0          0          0         80   strstr.o
        44          0          0          0          0         80   uidiv.o
        48          0          0          0          0         68   cdrcmple.o
       334          0          0          0          0        148   dadd.o
       222          0          0          0          0        100   ddiv.o
       186          0          0          0          0        176   depilogue.o
        50          0          0          0          0         76   dfixui.o
        34          0          0          0          0         76   dflti.o
        26          0          0          0          0         76   dfltui.o
       228          0          0          0          0         96   dmul.o
        46          0          0          0          0         80   dscalb.o
       162          0          0          0          0        100   dsqrt.o

    ----------------------------------------------------------------------
      5168        242        144          8          0       3032   Library Totals
         8          0          0          0          0          0   (incl. Padding)

    ----------------------------------------------------------------------

      Code (inc. data)   RO Data    RW Data    ZI Data      Debug   Library Name

      2836        200        144          0          0        888   m_ws.l
       988         42          0          8          0       1148   mc_w.l
      1336          0          0          0          0        996   mf_w.l

    ----------------------------------------------------------------------
      5168        242        144          8          0       3032   Library Totals

    ----------------------------------------------------------------------

==============================================================================


      Code (inc. data)   RO Data    RW Data    ZI Data      Debug   

     17152       1690       1420        688      35200     599736   Grand Totals
     17152       1690       1420        132      35200     599736   ELF Image Totals (compressed)
     17152       1690       1420        132          0          0   ROM Totals

==============================================================================

    Total RO  Size (Code + RO Data)                18572 (  18.14kB)
    Total RW  Size (RW Data + ZI Data)             35888 (  35.05kB)
    Total ROM Size (Code + RO Data + RW Data)      18704 (  18.27kB)

==============================================================================

